W0119 15:39:02.914000 1194235 torch/distributed/run.py:793] 
W0119 15:39:02.914000 1194235 torch/distributed/run.py:793] *****************************************
W0119 15:39:02.914000 1194235 torch/distributed/run.py:793] Setting OMP_NUM_THREADS environment variable for each process to be 1 in default, to avoid your system being overloaded, please further tune the variable for optimal performance in your application as needed. 
W0119 15:39:02.914000 1194235 torch/distributed/run.py:793] *****************************************

A module that was compiled using NumPy 1.x cannot be run in
NumPy 2.2.6 as it may crash. To support both 1.x and 2.x
versions of NumPy, modules must be compiled with NumPy 2.0.
Some module may need to rebuild instead e.g. with 'pybind11>=2.12'.

If you are a user of the module, the easiest solution will be to
downgrade to 'numpy<2' or try to upgrade the affected module.
We expect that some modules will need time to support NumPy 2.

Traceback (most recent call last):  File "/home/ps/KXShen/syncfolder/project0103/scripts/train_diffusion.py", line 45, in <module>
    import matplotlib
  File "/usr/local/anaconda3/lib/python3.12/site-packages/matplotlib/__init__.py", line 161, in <module>
    from . import _api, _version, cbook, _docstring, rcsetup
  File "/usr/local/anaconda3/lib/python3.12/site-packages/matplotlib/rcsetup.py", line 27, in <module>
    from matplotlib.colors import Colormap, is_color_like
  File "/usr/local/anaconda3/lib/python3.12/site-packages/matplotlib/colors.py", line 57, in <module>
    from matplotlib import _api, _cm, cbook, scale
  File "/usr/local/anaconda3/lib/python3.12/site-packages/matplotlib/scale.py", line 22, in <module>
    from matplotlib.ticker import (
  File "/usr/local/anaconda3/lib/python3.12/site-packages/matplotlib/ticker.py", line 143, in <module>
    from matplotlib import transforms as mtransforms
  File "/usr/local/anaconda3/lib/python3.12/site-packages/matplotlib/transforms.py", line 49, in <module>
    from matplotlib._path import (
Traceback (most recent call last):
  File "/home/ps/.local/lib/python3.12/site-packages/numpy/core/_multiarray_umath.py", line 44, in __getattr__
    raise ImportError(msg)
ImportError: 
A module that was compiled using NumPy 1.x cannot be run in
NumPy 2.2.6 as it may crash. To support both 1.x and 2.x
versions of NumPy, modules must be compiled with NumPy 2.0.
Some module may need to rebuild instead e.g. with 'pybind11>=2.12'.

If you are a user of the module, the easiest solution will be to
downgrade to 'numpy<2' or try to upgrade the affected module.
We expect that some modules will need time to support NumPy 2.



A module that was compiled using NumPy 1.x cannot be run in
NumPy 2.2.6 as it may crash. To support both 1.x and 2.x
versions of NumPy, modules must be compiled with NumPy 2.0.
Some module may need to rebuild instead e.g. with 'pybind11>=2.12'.

If you are a user of the module, the easiest solution will be to
downgrade to 'numpy<2' or try to upgrade the affected module.
We expect that some modules will need time to support NumPy 2.

Traceback (most recent call last):  File "/home/ps/KXShen/syncfolder/project0103/scripts/train_diffusion.py", line 45, in <module>
    import matplotlib
  File "/usr/local/anaconda3/lib/python3.12/site-packages/matplotlib/__init__.py", line 161, in <module>
    from . import _api, _version, cbook, _docstring, rcsetup
  File "/usr/local/anaconda3/lib/python3.12/site-packages/matplotlib/rcsetup.py", line 27, in <module>
    from matplotlib.colors import Colormap, is_color_like
  File "/usr/local/anaconda3/lib/python3.12/site-packages/matplotlib/colors.py", line 57, in <module>
    from matplotlib import _api, _cm, cbook, scale
  File "/usr/local/anaconda3/lib/python3.12/site-packages/matplotlib/scale.py", line 22, in <module>
    from matplotlib.ticker import (
  File "/usr/local/anaconda3/lib/python3.12/site-packages/matplotlib/ticker.py", line 143, in <module>
    from matplotlib import transforms as mtransforms
  File "/usr/local/anaconda3/lib/python3.12/site-packages/matplotlib/transforms.py", line 49, in <module>
    from matplotlib._path import (
Traceback (most recent call last):
  File "/home/ps/.local/lib/python3.12/site-packages/numpy/core/_multiarray_umath.py", line 44, in __getattr__
    raise ImportError(msg)
ImportError: 
A module that was compiled using NumPy 1.x cannot be run in
NumPy 2.2.6 as it may crash. To support both 1.x and 2.x
versions of NumPy, modules must be compiled with NumPy 2.0.
Some module may need to rebuild instead e.g. with 'pybind11>=2.12'.

If you are a user of the module, the easiest solution will be to
downgrade to 'numpy<2' or try to upgrade the affected module.
We expect that some modules will need time to support NumPy 2.



A module that was compiled using NumPy 1.x cannot be run in
NumPy 2.2.6 as it may crash. To support both 1.x and 2.x
versions of NumPy, modules must be compiled with NumPy 2.0.
Some module may need to rebuild instead e.g. with 'pybind11>=2.12'.

If you are a user of the module, the easiest solution will be to
downgrade to 'numpy<2' or try to upgrade the affected module.
We expect that some modules will need time to support NumPy 2.

Traceback (most recent call last):  File "/home/ps/KXShen/syncfolder/project0103/scripts/train_diffusion.py", line 45, in <module>
    import matplotlib
  File "/usr/local/anaconda3/lib/python3.12/site-packages/matplotlib/__init__.py", line 161, in <module>
    from . import _api, _version, cbook, _docstring, rcsetup
  File "/usr/local/anaconda3/lib/python3.12/site-packages/matplotlib/rcsetup.py", line 27, in <module>
    from matplotlib.colors import Colormap, is_color_like
  File "/usr/local/anaconda3/lib/python3.12/site-packages/matplotlib/colors.py", line 57, in <module>
    from matplotlib import _api, _cm, cbook, scale
  File "/usr/local/anaconda3/lib/python3.12/site-packages/matplotlib/scale.py", line 22, in <module>
    from matplotlib.ticker import (
  File "/usr/local/anaconda3/lib/python3.12/site-packages/matplotlib/ticker.py", line 143, in <module>
    from matplotlib import transforms as mtransforms
  File "/usr/local/anaconda3/lib/python3.12/site-packages/matplotlib/transforms.py", line 49, in <module>
    from matplotlib._path import (
Traceback (most recent call last):
  File "/home/ps/.local/lib/python3.12/site-packages/numpy/core/_multiarray_umath.py", line 44, in __getattr__
    raise ImportError(msg)
ImportError: 
A module that was compiled using NumPy 1.x cannot be run in
NumPy 2.2.6 as it may crash. To support both 1.x and 2.x
versions of NumPy, modules must be compiled with NumPy 2.0.
Some module may need to rebuild instead e.g. with 'pybind11>=2.12'.

If you are a user of the module, the easiest solution will be to
downgrade to 'numpy<2' or try to upgrade the affected module.
We expect that some modules will need time to support NumPy 2.



A module that was compiled using NumPy 1.x cannot be run in
NumPy 2.2.6 as it may crash. To support both 1.x and 2.x
versions of NumPy, modules must be compiled with NumPy 2.0.
Some module may need to rebuild instead e.g. with 'pybind11>=2.12'.

If you are a user of the module, the easiest solution will be to
downgrade to 'numpy<2' or try to upgrade the affected module.
We expect that some modules will need time to support NumPy 2.

Traceback (most recent call last):  File "/home/ps/KXShen/syncfolder/project0103/scripts/train_diffusion.py", line 45, in <module>
    import matplotlib
  File "/usr/local/anaconda3/lib/python3.12/site-packages/matplotlib/__init__.py", line 161, in <module>
    from . import _api, _version, cbook, _docstring, rcsetup
  File "/usr/local/anaconda3/lib/python3.12/site-packages/matplotlib/rcsetup.py", line 27, in <module>
    from matplotlib.colors import Colormap, is_color_like
  File "/usr/local/anaconda3/lib/python3.12/site-packages/matplotlib/colors.py", line 57, in <module>
    from matplotlib import _api, _cm, cbook, scale
  File "/usr/local/anaconda3/lib/python3.12/site-packages/matplotlib/scale.py", line 22, in <module>
    from matplotlib.ticker import (
  File "/usr/local/anaconda3/lib/python3.12/site-packages/matplotlib/ticker.py", line 143, in <module>
    from matplotlib import transforms as mtransforms
  File "/usr/local/anaconda3/lib/python3.12/site-packages/matplotlib/transforms.py", line 49, in <module>
    from matplotlib._path import (
Traceback (most recent call last):
  File "/home/ps/.local/lib/python3.12/site-packages/numpy/core/_multiarray_umath.py", line 44, in __getattr__
    raise ImportError(msg)
ImportError: 
A module that was compiled using NumPy 1.x cannot be run in
NumPy 2.2.6 as it may crash. To support both 1.x and 2.x
versions of NumPy, modules must be compiled with NumPy 2.0.
Some module may need to rebuild instead e.g. with 'pybind11>=2.12'.

If you are a user of the module, the easiest solution will be to
downgrade to 'numpy<2' or try to upgrade the affected module.
We expect that some modules will need time to support NumPy 2.


[rank2]: Traceback (most recent call last):
[rank2]:   File "/home/ps/KXShen/syncfolder/project0103/scripts/train_diffusion.py", line 1022, in <module>
[rank2]:     main()
[rank2]:   File "/home/ps/KXShen/syncfolder/project0103/scripts/train_diffusion.py", line 766, in main
[rank2]:     load_target.load_state_dict(checkpoint["model_state"])
[rank2]:   File "/home/ps/.local/lib/python3.12/site-packages/torch/nn/modules/module.py", line 2584, in load_state_dict
[rank2]:     raise RuntimeError(
[rank2]: RuntimeError: Error(s) in loading state_dict for ConditionalUNet:
[rank2]: 	Missing key(s) in state_dict: "main_to_bot_proj.weight", "main_to_bot_proj.bias". 
[rank3]: Traceback (most recent call last):
[rank3]:   File "/home/ps/KXShen/syncfolder/project0103/scripts/train_diffusion.py", line 1022, in <module>
[rank3]:     main()
[rank3]:   File "/home/ps/KXShen/syncfolder/project0103/scripts/train_diffusion.py", line 766, in main
[rank3]:     load_target.load_state_dict(checkpoint["model_state"])
[rank3]:   File "/home/ps/.local/lib/python3.12/site-packages/torch/nn/modules/module.py", line 2584, in load_state_dict
[rank3]:     raise RuntimeError(
[rank3]: RuntimeError: Error(s) in loading state_dict for ConditionalUNet:
[rank3]: 	Missing key(s) in state_dict: "main_to_bot_proj.weight", "main_to_bot_proj.bias". 
[rank1]: Traceback (most recent call last):
[rank1]:   File "/home/ps/KXShen/syncfolder/project0103/scripts/train_diffusion.py", line 1022, in <module>
[rank1]:     main()
[rank1]:   File "/home/ps/KXShen/syncfolder/project0103/scripts/train_diffusion.py", line 766, in main
[rank1]:     load_target.load_state_dict(checkpoint["model_state"])
[rank1]:   File "/home/ps/.local/lib/python3.12/site-packages/torch/nn/modules/module.py", line 2584, in load_state_dict
[rank1]:     raise RuntimeError(
[rank1]: RuntimeError: Error(s) in loading state_dict for ConditionalUNet:
[rank1]: 	Missing key(s) in state_dict: "main_to_bot_proj.weight", "main_to_bot_proj.bias". 
[rank0]: Traceback (most recent call last):
[rank0]:   File "/home/ps/KXShen/syncfolder/project0103/scripts/train_diffusion.py", line 1022, in <module>
[rank0]:     main()
[rank0]:   File "/home/ps/KXShen/syncfolder/project0103/scripts/train_diffusion.py", line 766, in main
[rank0]:     load_target.load_state_dict(checkpoint["model_state"])
[rank0]:   File "/home/ps/.local/lib/python3.12/site-packages/torch/nn/modules/module.py", line 2584, in load_state_dict
[rank0]:     raise RuntimeError(
[rank0]: RuntimeError: Error(s) in loading state_dict for ConditionalUNet:
[rank0]: 	Missing key(s) in state_dict: "main_to_bot_proj.weight", "main_to_bot_proj.bias". 
W0119 15:39:16.550000 1194235 torch/distributed/elastic/multiprocessing/api.py:897] Sending process 1194358 closing signal SIGTERM
W0119 15:39:16.551000 1194235 torch/distributed/elastic/multiprocessing/api.py:897] Sending process 1194359 closing signal SIGTERM
W0119 15:39:16.553000 1194235 torch/distributed/elastic/multiprocessing/api.py:897] Sending process 1194360 closing signal SIGTERM
E0119 15:39:16.918000 1194235 torch/distributed/elastic/multiprocessing/api.py:869] failed (exitcode: 1) local_rank: 0 (pid: 1194357) of binary: /usr/local/anaconda3/bin/python
Traceback (most recent call last):
  File "/home/ps/.local/bin/torchrun", line 8, in <module>
    sys.exit(main())
             ^^^^^^
  File "/home/ps/.local/lib/python3.12/site-packages/torch/distributed/elastic/multiprocessing/errors/__init__.py", line 355, in wrapper
    return f(*args, **kwargs)
           ^^^^^^^^^^^^^^^^^^
  File "/home/ps/.local/lib/python3.12/site-packages/torch/distributed/run.py", line 919, in main
    run(args)
  File "/home/ps/.local/lib/python3.12/site-packages/torch/distributed/run.py", line 910, in run
    elastic_launch(
  File "/home/ps/.local/lib/python3.12/site-packages/torch/distributed/launcher/api.py", line 138, in __call__
    return launch_agent(self._config, self._entrypoint, list(args))
           ^^^^^^^^^^^^^^^^^^^^^^^^^^^^^^^^^^^^^^^^^^^^^^^^^^^^^^^^
  File "/home/ps/.local/lib/python3.12/site-packages/torch/distributed/launcher/api.py", line 269, in launch_agent
    raise ChildFailedError(
torch.distributed.elastic.multiprocessing.errors.ChildFailedError: 
============================================================
scripts/train_diffusion.py FAILED
------------------------------------------------------------
Failures:
  <NO_OTHER_FAILURES>
------------------------------------------------------------
Root Cause (first observed failure):
[0]:
  time      : 2026-01-19_15:39:16
  host      : imagelab
  rank      : 0 (local_rank: 0)
  exitcode  : 1 (pid: 1194357)
  error_file: <N/A>
  traceback : To enable traceback see: https://pytorch.org/docs/stable/elastic/errors.html
============================================================
