2026-01-18 20:03:31 运行时间戳: 20260118_200331
2026-01-18 20:03:31 输出目录: /home/data/KXShen/model/project0103/diffusion_sen12mscr_raw_20260118_200331
2026-01-18 20:03:31 World size: 4, Rank: 0
2026-01-18 20:03:31 配置文件: configs/diffusion.yaml
2026-01-18 20:16:52 Epoch 1/100 - train_loss 2.4405 lr 4.02e-06
2026-01-18 20:18:20 Epoch 1/100 - test_loss 2.4240 diff 1.0754 recon 0.3957 grad 1.9059
2026-01-18 20:18:25 vis cloudy min 0.0018 max 1.0000 mean 0.2753 p1 0.0141 p99 1.0000 <0 0.00% >1 0.00%
2026-01-18 20:18:25 vis pred min -1.0000 max 2.0000 mean 0.6484 p1 -0.9959 p99 1.9973 <0 31.14% >1 43.00%
2026-01-18 20:18:25 vis clear min 0.0002 max 1.0000 mean 0.1345 p1 0.0207 p99 0.3186 <0 0.00% >1 0.00%
2026-01-18 20:18:25 vis auto_scale enabled (ref=clear, per_channel=True)
2026-01-18 20:18:25 vis pred out-of-range 74.15% -> use self scale for pred
2026-01-18 20:18:29 Saved diffusion visualization to /home/data/KXShen/model/project0103/diffusion_sen12mscr_raw_20260118_200331/vis/diffusion_vis_epoch_001.png
2026-01-18 20:18:32 Epoch 1/100 - checkpoints saved
2026-01-18 20:18:34 Epoch 1/100 - saved diffusion_best.pth (test_loss 2.4240)
2026-01-18 20:31:54 Epoch 2/100 - train_loss 0.8947 lr 8.01e-06
2026-01-18 20:33:23 Epoch 2/100 - test_loss 0.6788 diff 0.1532 recon 0.2002 grad 0.6508
2026-01-18 20:33:27 vis cloudy min 0.0026 max 1.0000 mean 0.3010 p1 0.0227 p99 1.0000 <0 0.00% >1 0.00%
2026-01-18 20:33:27 vis pred min -1.0000 max 2.0000 mean 1.2169 p1 0.0733 p99 1.9989 <0 0.65% >1 70.99%
2026-01-18 20:33:27 vis clear min 0.0001 max 1.0000 mean 0.1393 p1 0.0268 p99 0.3556 <0 0.00% >1 0.00%
2026-01-18 20:33:27 vis auto_scale enabled (ref=clear, per_channel=True)
2026-01-18 20:33:27 vis pred out-of-range 71.64% -> use self scale for pred
2026-01-18 20:33:32 Saved diffusion visualization to /home/data/KXShen/model/project0103/diffusion_sen12mscr_raw_20260118_200331/vis/diffusion_vis_epoch_002.png
2026-01-18 20:33:36 Epoch 2/100 - checkpoints saved
2026-01-18 20:33:39 Epoch 2/100 - saved diffusion_best.pth (test_loss 0.6788)
2026-01-18 20:46:59 Epoch 3/100 - train_loss 0.3660 lr 1.20e-05
2026-01-18 20:48:27 Epoch 3/100 - test_loss 0.3462 diff 0.0592 recon 0.1411 grad 0.2918
2026-01-18 20:48:32 vis cloudy min 0.0103 max 1.0000 mean 0.2627 p1 0.0381 p99 0.9818 <0 0.00% >1 0.00%
2026-01-18 20:48:32 vis pred min -0.6009 max 2.0000 mean 1.3658 p1 0.7587 p99 1.9406 <0 0.00% >1 92.50%
2026-01-18 20:48:32 vis clear min 0.0079 max 1.0000 mean 0.1543 p1 0.0509 p99 0.3453 <0 0.00% >1 0.00%
2026-01-18 20:48:32 vis auto_scale enabled (ref=clear, per_channel=True)
2026-01-18 20:48:32 vis pred out-of-range 92.51% -> use self scale for pred
2026-01-18 20:48:37 Saved diffusion visualization to /home/data/KXShen/model/project0103/diffusion_sen12mscr_raw_20260118_200331/vis/diffusion_vis_epoch_003.png
2026-01-18 20:48:40 Epoch 3/100 - checkpoints saved
2026-01-18 20:48:43 Epoch 3/100 - saved diffusion_best.pth (test_loss 0.3462)
2026-01-18 21:02:01 Epoch 4/100 - train_loss 0.2453 lr 1.60e-05
2026-01-18 21:03:30 Epoch 4/100 - test_loss 0.2333 diff 0.0312 recon 0.1088 grad 0.1865
2026-01-18 21:03:34 vis cloudy min 0.0001 max 1.0000 mean 0.2073 p1 0.0012 p99 0.7177 <0 0.00% >1 0.00%
2026-01-18 21:03:34 vis pred min -0.3156 max 1.9963 mean 1.2167 p1 0.8602 p99 1.5476 <0 0.00% >1 93.15%
2026-01-18 21:03:34 vis clear min 0.0002 max 0.6662 mean 0.1212 p1 0.0032 p99 0.3250 <0 0.00% >1 0.00%
2026-01-18 21:03:34 vis auto_scale enabled (ref=clear, per_channel=True)
2026-01-18 21:03:34 vis pred out-of-range 93.15% -> use self scale for pred
2026-01-18 21:03:39 Saved diffusion visualization to /home/data/KXShen/model/project0103/diffusion_sen12mscr_raw_20260118_200331/vis/diffusion_vis_epoch_004.png
2026-01-18 21:03:42 Epoch 4/100 - checkpoints saved
2026-01-18 21:03:45 Epoch 4/100 - saved diffusion_best.pth (test_loss 0.2333)
2026-01-18 21:17:03 Epoch 5/100 - train_loss 0.1821 lr 2.00e-05
2026-01-18 21:18:31 Epoch 5/100 - test_loss 0.1710 diff 0.0185 recon 0.0854 grad 0.1341
2026-01-18 21:18:36 vis cloudy min 0.0026 max 1.0000 mean 0.1983 p1 0.0073 p99 0.7115 <0 0.00% >1 0.00%
2026-01-18 21:18:36 vis pred min -0.0939 max 1.6431 mean 0.7841 p1 0.6244 p99 0.9684 <0 0.00% >1 0.68%
2026-01-18 21:18:36 vis clear min 0.0044 max 0.7565 mean 0.1349 p1 0.0075 p99 0.3373 <0 0.00% >1 0.00%
2026-01-18 21:18:36 vis auto_scale enabled (ref=clear, per_channel=True)
2026-01-18 21:18:40 Saved diffusion visualization to /home/data/KXShen/model/project0103/diffusion_sen12mscr_raw_20260118_200331/vis/diffusion_vis_epoch_005.png
2026-01-18 21:18:44 Epoch 5/100 - checkpoints saved
2026-01-18 21:18:47 Epoch 5/100 - saved diffusion_best.pth (test_loss 0.1710)
2026-01-18 21:32:07 Epoch 6/100 - train_loss 0.1397 lr 2.00e-05
2026-01-18 21:33:36 Epoch 6/100 - test_loss 0.1307 diff 0.0133 recon 0.0607 grad 0.1132
2026-01-18 21:33:40 vis cloudy min 0.0001 max 1.0000 mean 0.1875 p1 0.0042 p99 0.6563 <0 0.00% >1 0.00%
2026-01-18 21:33:40 vis pred min 0.0257 max 1.7540 mean 0.9605 p1 0.7901 p99 1.1344 <0 0.00% >1 31.85%
2026-01-18 21:33:40 vis clear min 0.0001 max 0.5302 mean 0.1308 p1 0.0064 p99 0.2961 <0 0.00% >1 0.00%
2026-01-18 21:33:40 vis auto_scale enabled (ref=clear, per_channel=True)
2026-01-18 21:33:40 vis pred out-of-range 31.85% -> use self scale for pred
2026-01-18 21:33:46 Saved diffusion visualization to /home/data/KXShen/model/project0103/diffusion_sen12mscr_raw_20260118_200331/vis/diffusion_vis_epoch_006.png
2026-01-18 21:33:49 Epoch 6/100 - checkpoints saved
2026-01-18 21:33:51 Epoch 6/100 - saved diffusion_best.pth (test_loss 0.1307)
2026-01-18 21:47:11 Epoch 7/100 - train_loss 0.1119 lr 2.00e-05
2026-01-18 21:48:39 Epoch 7/100 - test_loss 0.1082 diff 0.0114 recon 0.0469 grad 0.0998
2026-01-18 21:48:43 vis cloudy min 0.0029 max 1.0000 mean 0.2361 p1 0.0419 p99 0.6542 <0 0.00% >1 0.00%
2026-01-18 21:48:44 vis pred min 0.1125 max 2.0000 mean 1.5302 p1 1.2906 p99 1.7421 <0 0.00% >1 99.98%
2026-01-18 21:48:44 vis clear min 0.0030 max 0.6906 mean 0.1339 p1 0.0334 p99 0.3144 <0 0.00% >1 0.00%
2026-01-18 21:48:44 vis auto_scale enabled (ref=clear, per_channel=True)
2026-01-18 21:48:44 vis pred out-of-range 99.98% -> use self scale for pred
2026-01-18 21:48:48 Saved diffusion visualization to /home/data/KXShen/model/project0103/diffusion_sen12mscr_raw_20260118_200331/vis/diffusion_vis_epoch_007.png
2026-01-18 21:48:52 Epoch 7/100 - checkpoints saved
2026-01-18 21:48:54 Epoch 7/100 - saved diffusion_best.pth (test_loss 0.1082)
2026-01-18 22:02:14 Epoch 8/100 - train_loss 0.0960 lr 2.00e-05
2026-01-18 22:03:43 Epoch 8/100 - test_loss 0.0930 diff 0.0100 recon 0.0417 grad 0.0827
2026-01-18 22:03:47 vis cloudy min 0.0024 max 1.0000 mean 0.2015 p1 0.0248 p99 0.6298 <0 0.00% >1 0.00%
2026-01-18 22:03:47 vis pred min 0.0446 max 1.7702 mean 0.9982 p1 0.8237 p99 1.1754 <0 0.00% >1 49.06%
2026-01-18 22:03:47 vis clear min 0.0021 max 0.8996 mean 0.1353 p1 0.0347 p99 0.3246 <0 0.00% >1 0.00%
2026-01-18 22:03:47 vis auto_scale enabled (ref=clear, per_channel=True)
2026-01-18 22:03:47 vis pred out-of-range 49.06% -> use self scale for pred
2026-01-18 22:03:53 Saved diffusion visualization to /home/data/KXShen/model/project0103/diffusion_sen12mscr_raw_20260118_200331/vis/diffusion_vis_epoch_008.png
2026-01-18 22:03:56 Epoch 8/100 - checkpoints saved
2026-01-18 22:03:59 Epoch 8/100 - saved diffusion_best.pth (test_loss 0.0930)
2026-01-18 22:17:18 Epoch 9/100 - train_loss 0.0888 lr 1.99e-05
2026-01-18 22:18:47 Epoch 9/100 - test_loss 0.0838 diff 0.0092 recon 0.0386 grad 0.0720
2026-01-18 22:18:51 vis cloudy min 0.0059 max 1.0000 mean 0.2560 p1 0.0320 p99 0.6360 <0 0.00% >1 0.00%
2026-01-18 22:18:51 vis pred min 0.0276 max 1.5174 mean 0.7483 p1 0.6132 p99 0.9036 <0 0.00% >1 0.32%
2026-01-18 22:18:51 vis clear min 0.0045 max 0.7505 mean 0.1422 p1 0.0411 p99 0.3405 <0 0.00% >1 0.00%
2026-01-18 22:18:51 vis auto_scale enabled (ref=clear, per_channel=True)
2026-01-18 22:18:55 Saved diffusion visualization to /home/data/KXShen/model/project0103/diffusion_sen12mscr_raw_20260118_200331/vis/diffusion_vis_epoch_009.png
2026-01-18 22:18:58 Epoch 9/100 - checkpoints saved
2026-01-18 22:19:01 Epoch 9/100 - saved diffusion_best.pth (test_loss 0.0838)
2026-01-18 22:32:21 Epoch 10/100 - train_loss 0.0824 lr 1.99e-05
2026-01-18 22:33:50 Epoch 10/100 - test_loss 0.0772 diff 0.0085 recon 0.0364 grad 0.0647
2026-01-18 22:33:54 vis cloudy min 0.0029 max 1.0000 mean 0.2105 p1 0.0239 p99 0.5974 <0 0.00% >1 0.00%
2026-01-18 22:33:54 vis pred min -0.0160 max 1.2861 mean 0.6290 p1 0.4623 p99 0.7977 <0 0.00% >1 0.03%
2026-01-18 22:33:54 vis clear min 0.0013 max 0.6337 mean 0.1372 p1 0.0405 p99 0.3845 <0 0.00% >1 0.00%
2026-01-18 22:33:54 vis auto_scale enabled (ref=clear, per_channel=True)
2026-01-18 22:33:59 Saved diffusion visualization to /home/data/KXShen/model/project0103/diffusion_sen12mscr_raw_20260118_200331/vis/diffusion_vis_epoch_010.png
2026-01-18 22:34:02 Epoch 10/100 - checkpoints saved
2026-01-18 22:34:04 Epoch 10/100 - saved diffusion_best.pth (test_loss 0.0772)
2026-01-18 22:47:22 Epoch 11/100 - train_loss 0.0768 lr 1.98e-05
2026-01-18 22:48:50 Epoch 11/100 - test_loss 0.0726 diff 0.0080 recon 0.0350 grad 0.0591
2026-01-18 22:48:54 vis cloudy min 0.0058 max 1.0000 mean 0.2662 p1 0.0302 p99 0.7323 <0 0.00% >1 0.00%
2026-01-18 22:48:54 vis pred min 0.1259 max 1.1641 mean 0.5414 p1 0.3663 p99 0.7128 <0 0.00% >1 0.00%
2026-01-18 22:48:55 vis clear min 0.0061 max 1.0000 mean 0.1401 p1 0.0449 p99 0.3492 <0 0.00% >1 0.00%
2026-01-18 22:48:55 vis auto_scale enabled (ref=clear, per_channel=True)
2026-01-18 22:48:58 Saved diffusion visualization to /home/data/KXShen/model/project0103/diffusion_sen12mscr_raw_20260118_200331/vis/diffusion_vis_epoch_011.png
2026-01-18 22:49:02 Epoch 11/100 - checkpoints saved
2026-01-18 22:49:04 Epoch 11/100 - saved diffusion_best.pth (test_loss 0.0726)
2026-01-18 23:02:24 Epoch 12/100 - train_loss 0.0727 lr 1.97e-05
2026-01-18 23:03:52 Epoch 12/100 - test_loss 0.0689 diff 0.0076 recon 0.0340 grad 0.0547
2026-01-18 23:03:57 vis cloudy min 0.0007 max 1.0000 mean 0.2512 p1 0.0146 p99 0.8979 <0 0.00% >1 0.00%
2026-01-18 23:03:57 vis pred min 0.1157 max 1.1026 mean 0.4812 p1 0.2985 p99 0.6746 <0 0.00% >1 0.00%
2026-01-18 23:03:57 vis clear min 0.0023 max 0.6995 mean 0.1455 p1 0.0296 p99 0.3424 <0 0.00% >1 0.00%
2026-01-18 23:03:57 vis auto_scale enabled (ref=clear, per_channel=True)
2026-01-18 23:04:01 Saved diffusion visualization to /home/data/KXShen/model/project0103/diffusion_sen12mscr_raw_20260118_200331/vis/diffusion_vis_epoch_012.png
2026-01-18 23:04:04 Epoch 12/100 - checkpoints saved
2026-01-18 23:04:06 Epoch 12/100 - saved diffusion_best.pth (test_loss 0.0689)
2026-01-18 23:17:24 Epoch 13/100 - train_loss 0.0688 lr 1.97e-05
2026-01-18 23:18:53 Epoch 13/100 - test_loss 0.0661 diff 0.0072 recon 0.0336 grad 0.0506
2026-01-18 23:18:57 vis cloudy min 0.0001 max 1.0000 mean 0.2347 p1 0.0450 p99 0.8021 <0 0.00% >1 0.00%
2026-01-18 23:18:57 vis pred min 0.1136 max 1.0473 mean 0.4016 p1 0.2294 p99 0.6464 <0 0.00% >1 0.00%
2026-01-18 23:18:57 vis clear min 0.0032 max 1.0000 mean 0.1373 p1 0.0406 p99 0.3466 <0 0.00% >1 0.00%
2026-01-18 23:18:57 vis auto_scale enabled (ref=clear, per_channel=True)
2026-01-18 23:19:01 Saved diffusion visualization to /home/data/KXShen/model/project0103/diffusion_sen12mscr_raw_20260118_200331/vis/diffusion_vis_epoch_013.png
2026-01-18 23:19:05 Epoch 13/100 - checkpoints saved
2026-01-18 23:19:07 Epoch 13/100 - saved diffusion_best.pth (test_loss 0.0661)
2026-01-18 23:32:26 Epoch 14/100 - train_loss 0.0673 lr 1.96e-05
2026-01-18 23:33:55 Epoch 14/100 - test_loss 0.0637 diff 0.0069 recon 0.0329 grad 0.0477
2026-01-18 23:33:59 vis cloudy min 0.0013 max 1.0000 mean 0.2015 p1 0.0286 p99 0.7830 <0 0.00% >1 0.00%
2026-01-18 23:33:59 vis pred min 0.0931 max 1.0217 mean 0.3539 p1 0.2094 p99 0.5896 <0 0.00% >1 0.00%
2026-01-18 23:33:59 vis clear min 0.0001 max 1.0000 mean 0.1178 p1 0.0126 p99 0.3104 <0 0.00% >1 0.00%
2026-01-18 23:33:59 vis auto_scale enabled (ref=clear, per_channel=True)
2026-01-18 23:34:04 Saved diffusion visualization to /home/data/KXShen/model/project0103/diffusion_sen12mscr_raw_20260118_200331/vis/diffusion_vis_epoch_014.png
2026-01-18 23:34:08 Epoch 14/100 - checkpoints saved
2026-01-18 23:34:10 Epoch 14/100 - saved diffusion_best.pth (test_loss 0.0637)
2026-01-18 23:47:29 Epoch 15/100 - train_loss 0.0644 lr 1.95e-05
2026-01-18 23:48:58 Epoch 15/100 - test_loss 0.0612 diff 0.0067 recon 0.0315 grad 0.0462
2026-01-18 23:49:02 vis cloudy min 0.0039 max 0.9599 mean 0.2157 p1 0.0192 p99 0.5983 <0 0.00% >1 0.00%
2026-01-18 23:49:03 vis pred min 0.1135 max 1.1203 mean 0.4369 p1 0.2584 p99 0.6683 <0 0.00% >1 0.00%
2026-01-18 23:49:03 vis clear min 0.0044 max 1.0000 mean 0.1500 p1 0.0450 p99 0.3208 <0 0.00% >1 0.00%
2026-01-18 23:49:03 vis auto_scale enabled (ref=clear, per_channel=True)
2026-01-18 23:49:06 Saved diffusion visualization to /home/data/KXShen/model/project0103/diffusion_sen12mscr_raw_20260118_200331/vis/diffusion_vis_epoch_015.png
2026-01-18 23:49:10 Epoch 15/100 - checkpoints saved
2026-01-18 23:49:13 Epoch 15/100 - saved diffusion_best.pth (test_loss 0.0612)
2026-01-19 00:02:33 Epoch 16/100 - train_loss 0.0613 lr 1.94e-05
2026-01-19 00:04:02 Epoch 16/100 - test_loss 0.0598 diff 0.0065 recon 0.0315 grad 0.0435
2026-01-19 00:04:06 vis cloudy min 0.0057 max 1.0000 mean 0.2755 p1 0.0334 p99 0.8116 <0 0.00% >1 0.00%
2026-01-19 00:04:06 vis pred min -0.0175 max 1.0489 mean 0.2915 p1 0.1495 p99 0.5344 <0 0.00% >1 0.00%
2026-01-19 00:04:06 vis clear min 0.0039 max 0.5710 mean 0.1426 p1 0.0366 p99 0.3233 <0 0.00% >1 0.00%
2026-01-19 00:04:06 vis auto_scale enabled (ref=clear, per_channel=True)
2026-01-19 00:04:10 Saved diffusion visualization to /home/data/KXShen/model/project0103/diffusion_sen12mscr_raw_20260118_200331/vis/diffusion_vis_epoch_016.png
2026-01-19 00:04:14 Epoch 16/100 - checkpoints saved
2026-01-19 00:04:16 Epoch 16/100 - saved diffusion_best.pth (test_loss 0.0598)
2026-01-19 00:17:35 Epoch 17/100 - train_loss 0.0597 lr 1.92e-05
2026-01-19 00:19:03 Epoch 17/100 - test_loss 0.0581 diff 0.0062 recon 0.0311 grad 0.0416
2026-01-19 00:19:08 vis cloudy min 0.0001 max 1.0000 mean 0.2447 p1 0.0266 p99 0.7931 <0 0.00% >1 0.00%
2026-01-19 00:19:08 vis pred min -0.0301 max 1.1697 mean 0.2442 p1 0.1112 p99 0.4995 <0 0.00% >1 0.00%
2026-01-19 00:19:08 vis clear min 0.0001 max 0.9178 mean 0.1307 p1 0.0170 p99 0.3511 <0 0.00% >1 0.00%
2026-01-19 00:19:08 vis auto_scale enabled (ref=clear, per_channel=True)
2026-01-19 00:19:12 Saved diffusion visualization to /home/data/KXShen/model/project0103/diffusion_sen12mscr_raw_20260118_200331/vis/diffusion_vis_epoch_017.png
2026-01-19 00:19:16 Epoch 17/100 - checkpoints saved
2026-01-19 00:19:19 Epoch 17/100 - saved diffusion_best.pth (test_loss 0.0581)
2026-01-19 00:32:38 Epoch 18/100 - train_loss 0.0582 lr 1.91e-05
2026-01-19 00:34:07 Epoch 18/100 - test_loss 0.0569 diff 0.0061 recon 0.0308 grad 0.0400
2026-01-19 00:34:11 vis cloudy min 0.0006 max 1.0000 mean 0.2343 p1 0.0140 p99 0.9657 <0 0.00% >1 0.00%
2026-01-19 00:34:11 vis pred min -0.0181 max 1.0753 mean 0.2346 p1 0.1109 p99 0.4779 <0 0.00% >1 0.00%
2026-01-19 00:34:11 vis clear min 0.0001 max 0.5985 mean 0.1191 p1 0.0010 p99 0.3208 <0 0.00% >1 0.00%
2026-01-19 00:34:11 vis auto_scale enabled (ref=clear, per_channel=True)
2026-01-19 00:34:16 Saved diffusion visualization to /home/data/KXShen/model/project0103/diffusion_sen12mscr_raw_20260118_200331/vis/diffusion_vis_epoch_018.png
2026-01-19 00:34:19 Epoch 18/100 - checkpoints saved
2026-01-19 00:34:21 Epoch 18/100 - saved diffusion_best.pth (test_loss 0.0569)
2026-01-19 00:47:39 Epoch 19/100 - train_loss 0.0568 lr 1.90e-05
2026-01-19 00:49:07 Epoch 19/100 - test_loss 0.0555 diff 0.0059 recon 0.0304 grad 0.0384
2026-01-19 00:49:12 vis cloudy min 0.0001 max 1.0000 mean 0.2170 p1 0.0032 p99 0.8508 <0 0.00% >1 0.00%
2026-01-19 00:49:12 vis pred min -0.0026 max 1.1143 mean 0.1878 p1 0.0801 p99 0.4704 <0 0.00% >1 0.00%
2026-01-19 00:49:12 vis clear min 0.0001 max 1.0000 mean 0.1189 p1 0.0013 p99 0.3373 <0 0.00% >1 0.00%
2026-01-19 00:49:12 vis auto_scale enabled (ref=clear, per_channel=True)
2026-01-19 00:49:17 Saved diffusion visualization to /home/data/KXShen/model/project0103/diffusion_sen12mscr_raw_20260118_200331/vis/diffusion_vis_epoch_019.png
2026-01-19 00:49:21 Epoch 19/100 - checkpoints saved
2026-01-19 00:49:23 Epoch 19/100 - saved diffusion_best.pth (test_loss 0.0555)
2026-01-19 01:02:43 Epoch 20/100 - train_loss 0.0544 lr 1.88e-05
2026-01-19 01:04:11 Epoch 20/100 - test_loss 0.0498 diff 0.0057 recon 0.0230 grad 0.0423
2026-01-19 01:04:16 vis cloudy min 0.0047 max 1.0000 mean 0.2307 p1 0.0295 p99 0.9202 <0 0.00% >1 0.00%
2026-01-19 01:04:16 vis pred min 0.2231 max 1.1177 mean 0.6468 p1 0.5341 p99 0.7502 <0 0.00% >1 0.00%
2026-01-19 01:04:16 vis clear min 0.0002 max 1.0000 mean 0.1370 p1 0.0148 p99 0.3920 <0 0.00% >1 0.00%
2026-01-19 01:04:16 vis auto_scale enabled (ref=clear, per_channel=True)
2026-01-19 01:04:20 Saved diffusion visualization to /home/data/KXShen/model/project0103/diffusion_sen12mscr_raw_20260118_200331/vis/diffusion_vis_epoch_020.png
2026-01-19 01:04:24 Epoch 20/100 - checkpoints saved
2026-01-19 01:04:26 Epoch 20/100 - saved diffusion_best.pth (test_loss 0.0498)
2026-01-19 01:17:45 Epoch 21/100 - train_loss 0.0502 lr 1.86e-05
2026-01-19 01:19:13 Epoch 21/100 - test_loss 0.0484 diff 0.0055 recon 0.0224 grad 0.0409
2026-01-19 01:19:18 vis cloudy min 0.0001 max 1.0000 mean 0.2046 p1 0.0065 p99 0.7090 <0 0.00% >1 0.00%
2026-01-19 01:19:18 vis pred min 0.2176 max 1.0459 mean 0.5598 p1 0.4502 p99 0.6865 <0 0.00% >1 0.00%
2026-01-19 01:19:18 vis clear min 0.0001 max 1.0000 mean 0.1299 p1 0.0016 p99 0.3379 <0 0.00% >1 0.00%
2026-01-19 01:19:18 vis auto_scale enabled (ref=clear, per_channel=True)
2026-01-19 01:19:22 Saved diffusion visualization to /home/data/KXShen/model/project0103/diffusion_sen12mscr_raw_20260118_200331/vis/diffusion_vis_epoch_021.png
2026-01-19 01:19:26 Epoch 21/100 - checkpoints saved
2026-01-19 01:19:28 Epoch 21/100 - saved diffusion_best.pth (test_loss 0.0484)
2026-01-19 01:32:48 Epoch 22/100 - train_loss 0.0494 lr 1.85e-05
2026-01-19 01:34:16 Epoch 22/100 - test_loss 0.0531 diff 0.0054 recon 0.0196 grad 0.0562
2026-01-19 01:34:20 vis cloudy min 0.0029 max 1.0000 mean 0.2035 p1 0.0129 p99 0.5593 <0 0.00% >1 0.00%
2026-01-19 01:34:20 vis pred min -0.5009 max 1.0706 mean 0.0273 p1 -0.3700 p99 0.6038 <0 50.91% >1 0.00%
2026-01-19 01:34:20 vis clear min 0.0001 max 0.5920 mean 0.1659 p1 0.0011 p99 0.4772 <0 0.00% >1 0.00%
2026-01-19 01:34:20 vis auto_scale enabled (ref=clear, per_channel=True)
2026-01-19 01:34:20 vis pred out-of-range 50.91% -> use self scale for pred
2026-01-19 01:34:26 Saved diffusion visualization to /home/data/KXShen/model/project0103/diffusion_sen12mscr_raw_20260118_200331/vis/diffusion_vis_epoch_022.png
2026-01-19 01:34:29 Epoch 22/100 - checkpoints saved
2026-01-19 01:47:46 Epoch 23/100 - train_loss 0.0486 lr 1.83e-05
2026-01-19 01:49:15 Epoch 23/100 - test_loss 0.0463 diff 0.0054 recon 0.0215 grad 0.0389
2026-01-19 01:49:19 vis cloudy min 0.0044 max 1.0000 mean 0.2595 p1 0.0325 p99 0.8889 <0 0.00% >1 0.00%
2026-01-19 01:49:19 vis pred min 0.2045 max 1.2247 mean 0.6023 p1 0.4746 p99 0.7626 <0 0.00% >1 0.00%
2026-01-19 01:49:20 vis clear min 0.0027 max 0.6881 mean 0.1237 p1 0.0225 p99 0.3101 <0 0.00% >1 0.00%
2026-01-19 01:49:20 vis auto_scale enabled (ref=clear, per_channel=True)
2026-01-19 01:49:24 Saved diffusion visualization to /home/data/KXShen/model/project0103/diffusion_sen12mscr_raw_20260118_200331/vis/diffusion_vis_epoch_023.png
2026-01-19 01:49:27 Epoch 23/100 - checkpoints saved
2026-01-19 01:49:29 Epoch 23/100 - saved diffusion_best.pth (test_loss 0.0463)
2026-01-19 02:02:48 Epoch 24/100 - train_loss 0.0481 lr 1.81e-05
2026-01-19 02:04:17 Epoch 24/100 - test_loss 0.0454 diff 0.0053 recon 0.0212 grad 0.0379
2026-01-19 02:04:21 vis cloudy min 0.0001 max 0.8313 mean 0.2249 p1 0.0078 p99 0.5583 <0 0.00% >1 0.00%
2026-01-19 02:04:21 vis pred min 0.2475 max 1.1039 mean 0.6198 p1 0.4949 p99 0.8060 <0 0.00% >1 0.00%
2026-01-19 02:04:21 vis clear min 0.0001 max 0.6418 mean 0.1673 p1 0.0063 p99 0.5119 <0 0.00% >1 0.00%
2026-01-19 02:04:21 vis auto_scale enabled (ref=clear, per_channel=True)
2026-01-19 02:04:25 Saved diffusion visualization to /home/data/KXShen/model/project0103/diffusion_sen12mscr_raw_20260118_200331/vis/diffusion_vis_epoch_024.png
2026-01-19 02:04:29 Epoch 24/100 - checkpoints saved
2026-01-19 02:04:31 Epoch 24/100 - saved diffusion_best.pth (test_loss 0.0454)
2026-01-19 02:17:49 Epoch 25/100 - train_loss 0.0462 lr 1.79e-05
2026-01-19 02:19:17 Epoch 25/100 - test_loss 0.0444 diff 0.0051 recon 0.0207 grad 0.0371
2026-01-19 02:19:22 vis cloudy min 0.0006 max 1.0000 mean 0.2388 p1 0.0189 p99 0.8283 <0 0.00% >1 0.00%
2026-01-19 02:19:22 vis pred min 0.2370 max 0.9597 mean 0.5257 p1 0.3843 p99 0.7078 <0 0.00% >1 0.00%
2026-01-19 02:19:22 vis clear min 0.0001 max 1.0000 mean 0.1215 p1 0.0028 p99 0.3276 <0 0.00% >1 0.00%
2026-01-19 02:19:22 vis auto_scale enabled (ref=clear, per_channel=True)
2026-01-19 02:19:25 Saved diffusion visualization to /home/data/KXShen/model/project0103/diffusion_sen12mscr_raw_20260118_200331/vis/diffusion_vis_epoch_025.png
2026-01-19 02:19:29 Epoch 25/100 - checkpoints saved
2026-01-19 02:19:32 Epoch 25/100 - saved diffusion_best.pth (test_loss 0.0444)
2026-01-19 02:32:51 Epoch 26/100 - train_loss 0.0443 lr 1.77e-05
2026-01-19 02:34:20 Epoch 26/100 - test_loss 0.0434 diff 0.0050 recon 0.0204 grad 0.0359
2026-01-19 02:34:24 vis cloudy min 0.0001 max 1.0000 mean 0.1730 p1 0.0028 p99 0.7232 <0 0.00% >1 0.00%
2026-01-19 02:34:24 vis pred min 0.1218 max 0.9356 mean 0.4146 p1 0.2764 p99 0.6044 <0 0.00% >1 0.00%
2026-01-19 02:34:24 vis clear min 0.0001 max 0.6350 mean 0.1193 p1 0.0013 p99 0.3324 <0 0.00% >1 0.00%
2026-01-19 02:34:24 vis auto_scale enabled (ref=clear, per_channel=True)
2026-01-19 02:34:28 Saved diffusion visualization to /home/data/KXShen/model/project0103/diffusion_sen12mscr_raw_20260118_200331/vis/diffusion_vis_epoch_026.png
2026-01-19 02:34:32 Epoch 26/100 - checkpoints saved
2026-01-19 02:34:34 Epoch 26/100 - saved diffusion_best.pth (test_loss 0.0434)
2026-01-19 02:47:53 Epoch 27/100 - train_loss 0.0447 lr 1.75e-05
2026-01-19 02:49:21 Epoch 27/100 - test_loss 0.0432 diff 0.0050 recon 0.0210 grad 0.0345
2026-01-19 02:49:25 vis cloudy min 0.0001 max 0.9894 mean 0.1816 p1 0.0040 p99 0.6311 <0 0.00% >1 0.00%
2026-01-19 02:49:25 vis pred min 0.2165 max 0.9604 mean 0.4994 p1 0.3381 p99 0.6669 <0 0.00% >1 0.00%
2026-01-19 02:49:26 vis clear min 0.0001 max 0.6243 mean 0.1404 p1 0.0033 p99 0.3879 <0 0.00% >1 0.00%
2026-01-19 02:49:26 vis auto_scale enabled (ref=clear, per_channel=True)
2026-01-19 02:49:30 Saved diffusion visualization to /home/data/KXShen/model/project0103/diffusion_sen12mscr_raw_20260118_200331/vis/diffusion_vis_epoch_027.png
2026-01-19 02:49:34 Epoch 27/100 - checkpoints saved
2026-01-19 02:49:36 Epoch 27/100 - saved diffusion_best.pth (test_loss 0.0432)
2026-01-19 03:02:55 Epoch 28/100 - train_loss 0.0443 lr 1.73e-05
2026-01-19 03:04:24 Epoch 28/100 - test_loss 0.0420 diff 0.0049 recon 0.0203 grad 0.0337
2026-01-19 03:04:28 vis cloudy min 0.0013 max 1.0000 mean 0.1955 p1 0.0044 p99 1.0000 <0 0.00% >1 0.00%
2026-01-19 03:04:29 vis pred min 0.0867 max 0.9391 mean 0.4076 p1 0.2387 p99 0.5865 <0 0.00% >1 0.00%
2026-01-19 03:04:29 vis clear min 0.0004 max 0.7010 mean 0.1127 p1 0.0044 p99 0.2948 <0 0.00% >1 0.00%
2026-01-19 03:04:29 vis auto_scale enabled (ref=clear, per_channel=True)
2026-01-19 03:04:33 Saved diffusion visualization to /home/data/KXShen/model/project0103/diffusion_sen12mscr_raw_20260118_200331/vis/diffusion_vis_epoch_028.png
2026-01-19 03:04:36 Epoch 28/100 - checkpoints saved
2026-01-19 03:04:39 Epoch 28/100 - saved diffusion_best.pth (test_loss 0.0420)
2026-01-19 03:17:56 Epoch 29/100 - train_loss 0.0421 lr 1.70e-05
2026-01-19 03:19:25 Epoch 29/100 - test_loss 0.0417 diff 0.0048 recon 0.0208 grad 0.0322
2026-01-19 03:19:29 vis cloudy min 0.0008 max 1.0000 mean 0.1918 p1 0.0123 p99 0.6719 <0 0.00% >1 0.00%
2026-01-19 03:19:29 vis pred min 0.0666 max 0.7938 mean 0.3487 p1 0.2233 p99 0.5293 <0 0.00% >1 0.00%
2026-01-19 03:19:29 vis clear min 0.0006 max 1.0000 mean 0.1340 p1 0.0028 p99 0.3617 <0 0.00% >1 0.00%
2026-01-19 03:19:29 vis auto_scale enabled (ref=clear, per_channel=True)
2026-01-19 03:19:33 Saved diffusion visualization to /home/data/KXShen/model/project0103/diffusion_sen12mscr_raw_20260118_200331/vis/diffusion_vis_epoch_029.png
2026-01-19 03:19:37 Epoch 29/100 - checkpoints saved
2026-01-19 03:19:40 Epoch 29/100 - saved diffusion_best.pth (test_loss 0.0417)
2026-01-19 03:32:58 Epoch 30/100 - train_loss 0.0413 lr 1.68e-05
2026-01-19 03:34:26 Epoch 30/100 - test_loss 0.0407 diff 0.0047 recon 0.0199 grad 0.0320
2026-01-19 03:34:31 vis cloudy min 0.0031 max 1.0000 mean 0.1756 p1 0.0170 p99 0.5773 <0 0.00% >1 0.00%
2026-01-19 03:34:31 vis pred min 0.0799 max 0.6583 mean 0.3006 p1 0.1894 p99 0.4826 <0 0.00% >1 0.00%
2026-01-19 03:34:31 vis clear min 0.0001 max 0.6092 mean 0.1234 p1 0.0013 p99 0.3737 <0 0.00% >1 0.00%
2026-01-19 03:34:31 vis auto_scale enabled (ref=clear, per_channel=True)
2026-01-19 03:34:35 Saved diffusion visualization to /home/data/KXShen/model/project0103/diffusion_sen12mscr_raw_20260118_200331/vis/diffusion_vis_epoch_030.png
2026-01-19 03:34:39 Epoch 30/100 - checkpoints saved
2026-01-19 03:34:41 Epoch 30/100 - saved diffusion_best.pth (test_loss 0.0407)
2026-01-19 03:47:59 Epoch 31/100 - train_loss 0.0401 lr 1.66e-05
2026-01-19 03:49:27 Epoch 31/100 - test_loss 0.0399 diff 0.0047 recon 0.0194 grad 0.0315
2026-01-19 03:49:32 vis cloudy min 0.0021 max 1.0000 mean 0.2523 p1 0.0269 p99 0.7428 <0 0.00% >1 0.00%
2026-01-19 03:49:32 vis pred min 0.0843 max 0.7426 mean 0.3340 p1 0.1850 p99 0.5396 <0 0.00% >1 0.00%
2026-01-19 03:49:32 vis clear min 0.0016 max 0.6995 mean 0.1518 p1 0.0182 p99 0.3552 <0 0.00% >1 0.00%
2026-01-19 03:49:32 vis auto_scale enabled (ref=clear, per_channel=True)
2026-01-19 03:49:37 Saved diffusion visualization to /home/data/KXShen/model/project0103/diffusion_sen12mscr_raw_20260118_200331/vis/diffusion_vis_epoch_031.png
2026-01-19 03:49:40 Epoch 31/100 - checkpoints saved
2026-01-19 03:49:43 Epoch 31/100 - saved diffusion_best.pth (test_loss 0.0399)
2026-01-19 04:03:02 Epoch 32/100 - train_loss 0.0393 lr 1.63e-05
2026-01-19 04:04:30 Epoch 32/100 - test_loss 0.0395 diff 0.0046 recon 0.0194 grad 0.0308
2026-01-19 04:04:35 vis cloudy min 0.0001 max 1.0000 mean 0.2338 p1 0.0248 p99 1.0000 <0 0.00% >1 0.00%
2026-01-19 04:04:35 vis pred min 0.0186 max 0.7488 mean 0.2917 p1 0.1699 p99 0.4779 <0 0.00% >1 0.00%
2026-01-19 04:04:35 vis clear min 0.0003 max 1.0000 mean 0.1270 p1 0.0274 p99 0.2907 <0 0.00% >1 0.00%
2026-01-19 04:04:35 vis auto_scale enabled (ref=clear, per_channel=True)
2026-01-19 04:04:39 Saved diffusion visualization to /home/data/KXShen/model/project0103/diffusion_sen12mscr_raw_20260118_200331/vis/diffusion_vis_epoch_032.png
2026-01-19 04:04:43 Epoch 32/100 - checkpoints saved
2026-01-19 04:04:45 Epoch 32/100 - saved diffusion_best.pth (test_loss 0.0395)
2026-01-19 04:18:04 Epoch 33/100 - train_loss 0.0388 lr 1.61e-05
2026-01-19 04:19:32 Epoch 33/100 - test_loss 0.0390 diff 0.0046 recon 0.0194 grad 0.0300
2026-01-19 04:19:37 vis cloudy min 0.0058 max 1.0000 mean 0.1791 p1 0.0236 p99 0.5244 <0 0.00% >1 0.00%
2026-01-19 04:19:37 vis pred min 0.0108 max 0.6946 mean 0.2445 p1 0.1356 p99 0.4323 <0 0.00% >1 0.00%
2026-01-19 04:19:37 vis clear min 0.0016 max 0.6945 mean 0.1259 p1 0.0254 p99 0.3230 <0 0.00% >1 0.00%
2026-01-19 04:19:37 vis auto_scale enabled (ref=clear, per_channel=True)
2026-01-19 04:19:42 Saved diffusion visualization to /home/data/KXShen/model/project0103/diffusion_sen12mscr_raw_20260118_200331/vis/diffusion_vis_epoch_033.png
2026-01-19 04:19:46 Epoch 33/100 - checkpoints saved
2026-01-19 04:19:48 Epoch 33/100 - saved diffusion_best.pth (test_loss 0.0390)
2026-01-19 04:33:09 Epoch 34/100 - train_loss 0.0390 lr 1.58e-05
2026-01-19 04:34:37 Epoch 34/100 - test_loss 0.0385 diff 0.0045 recon 0.0193 grad 0.0294
2026-01-19 04:34:42 vis cloudy min 0.0031 max 1.0000 mean 0.2754 p1 0.0129 p99 0.8942 <0 0.00% >1 0.00%
2026-01-19 04:34:42 vis pred min 0.0536 max 0.6414 mean 0.2299 p1 0.1299 p99 0.4151 <0 0.00% >1 0.00%
2026-01-19 04:34:42 vis clear min 0.0001 max 0.7434 mean 0.1724 p1 0.0039 p99 0.4069 <0 0.00% >1 0.00%
2026-01-19 04:34:42 vis auto_scale enabled (ref=clear, per_channel=True)
2026-01-19 04:34:47 Saved diffusion visualization to /home/data/KXShen/model/project0103/diffusion_sen12mscr_raw_20260118_200331/vis/diffusion_vis_epoch_034.png
2026-01-19 04:34:50 Epoch 34/100 - checkpoints saved
2026-01-19 04:34:53 Epoch 34/100 - saved diffusion_best.pth (test_loss 0.0385)
2026-01-19 04:48:10 Epoch 35/100 - train_loss 0.0394 lr 1.55e-05
2026-01-19 04:49:39 Epoch 35/100 - test_loss 0.0381 diff 0.0045 recon 0.0191 grad 0.0289
2026-01-19 04:49:43 vis cloudy min 0.0002 max 1.0000 mean 0.2261 p1 0.0122 p99 0.8225 <0 0.00% >1 0.00%
2026-01-19 04:49:43 vis pred min -0.0200 max 1.0785 mean 0.1929 p1 0.0841 p99 0.3880 <0 0.00% >1 0.00%
2026-01-19 04:49:43 vis clear min 0.0001 max 1.0000 mean 0.1326 p1 0.0030 p99 0.3985 <0 0.00% >1 0.00%
2026-01-19 04:49:43 vis auto_scale enabled (ref=clear, per_channel=True)
2026-01-19 04:49:49 Saved diffusion visualization to /home/data/KXShen/model/project0103/diffusion_sen12mscr_raw_20260118_200331/vis/diffusion_vis_epoch_035.png
2026-01-19 04:49:52 Epoch 35/100 - checkpoints saved
2026-01-19 04:49:54 Epoch 35/100 - saved diffusion_best.pth (test_loss 0.0381)
2026-01-19 05:03:13 Epoch 36/100 - train_loss 0.0375 lr 1.52e-05
2026-01-19 05:04:42 Epoch 36/100 - test_loss 0.0376 diff 0.0044 recon 0.0190 grad 0.0285
2026-01-19 05:04:47 vis cloudy min 0.0047 max 1.0000 mean 0.1613 p1 0.0196 p99 0.5331 <0 0.00% >1 0.00%
2026-01-19 05:04:47 vis pred min -0.0210 max 0.8155 mean 0.1489 p1 0.0656 p99 0.3133 <0 0.00% >1 0.00%
2026-01-19 05:04:47 vis clear min 0.0022 max 0.8398 mean 0.1268 p1 0.0344 p99 0.2955 <0 0.00% >1 0.00%
2026-01-19 05:04:47 vis auto_scale enabled (ref=clear, per_channel=True)
2026-01-19 05:04:53 Saved diffusion visualization to /home/data/KXShen/model/project0103/diffusion_sen12mscr_raw_20260118_200331/vis/diffusion_vis_epoch_036.png
2026-01-19 05:04:56 Epoch 36/100 - checkpoints saved
2026-01-19 05:04:59 Epoch 36/100 - saved diffusion_best.pth (test_loss 0.0376)
2026-01-19 05:18:17 Epoch 37/100 - train_loss 0.0383 lr 1.50e-05
2026-01-19 05:19:46 Epoch 37/100 - test_loss 0.0372 diff 0.0044 recon 0.0188 grad 0.0280
2026-01-19 05:19:50 vis cloudy min 0.0052 max 1.0000 mean 0.1868 p1 0.0227 p99 0.7587 <0 0.00% >1 0.00%
2026-01-19 05:19:51 vis pred min -0.0514 max 0.8056 mean 0.1266 p1 0.0521 p99 0.2877 <0 0.01% >1 0.00%
2026-01-19 05:19:51 vis clear min 0.0017 max 0.6851 mean 0.1198 p1 0.0327 p99 0.3225 <0 0.00% >1 0.00%
2026-01-19 05:19:51 vis auto_scale enabled (ref=clear, per_channel=True)
2026-01-19 05:19:57 Saved diffusion visualization to /home/data/KXShen/model/project0103/diffusion_sen12mscr_raw_20260118_200331/vis/diffusion_vis_epoch_037.png
2026-01-19 05:20:00 Epoch 37/100 - checkpoints saved
2026-01-19 05:20:03 Epoch 37/100 - saved diffusion_best.pth (test_loss 0.0372)
2026-01-19 05:33:22 Epoch 38/100 - train_loss 0.0368 lr 1.47e-05
2026-01-19 05:34:51 Epoch 38/100 - test_loss 0.0369 diff 0.0044 recon 0.0187 grad 0.0276
2026-01-19 05:34:55 vis cloudy min 0.0012 max 1.0000 mean 0.2040 p1 0.0145 p99 0.7562 <0 0.00% >1 0.00%
2026-01-19 05:34:55 vis pred min -0.0316 max 0.8599 mean 0.1501 p1 0.0521 p99 0.3216 <0 0.02% >1 0.00%
2026-01-19 05:34:55 vis clear min 0.0001 max 0.5317 mean 0.1250 p1 0.0049 p99 0.3386 <0 0.00% >1 0.00%
2026-01-19 05:34:55 vis auto_scale enabled (ref=clear, per_channel=True)
2026-01-19 05:35:01 Saved diffusion visualization to /home/data/KXShen/model/project0103/diffusion_sen12mscr_raw_20260118_200331/vis/diffusion_vis_epoch_038.png
2026-01-19 05:35:05 Epoch 38/100 - checkpoints saved
2026-01-19 05:35:08 Epoch 38/100 - saved diffusion_best.pth (test_loss 0.0369)
2026-01-19 05:48:25 Epoch 39/100 - train_loss 0.0366 lr 1.44e-05
2026-01-19 05:49:54 Epoch 39/100 - test_loss 0.0365 diff 0.0043 recon 0.0186 grad 0.0272
2026-01-19 05:49:59 vis cloudy min 0.0012 max 1.0000 mean 0.2347 p1 0.0099 p99 0.7458 <0 0.00% >1 0.00%
2026-01-19 05:49:59 vis pred min -0.0429 max 0.6631 mean 0.1437 p1 0.0304 p99 0.3280 <0 0.20% >1 0.00%
2026-01-19 05:49:59 vis clear min 0.0016 max 0.8225 mean 0.1602 p1 0.0087 p99 0.4071 <0 0.00% >1 0.00%
2026-01-19 05:49:59 vis auto_scale enabled (ref=clear, per_channel=True)
2026-01-19 05:50:04 Saved diffusion visualization to /home/data/KXShen/model/project0103/diffusion_sen12mscr_raw_20260118_200331/vis/diffusion_vis_epoch_039.png
2026-01-19 05:50:08 Epoch 39/100 - checkpoints saved
2026-01-19 05:50:10 Epoch 39/100 - saved diffusion_best.pth (test_loss 0.0365)
2026-01-19 06:03:30 Epoch 40/100 - train_loss 0.0360 lr 1.41e-05
2026-01-19 06:04:59 Epoch 40/100 - test_loss 0.0360 diff 0.0043 recon 0.0182 grad 0.0272
2026-01-19 06:05:03 vis cloudy min 0.0015 max 1.0000 mean 0.2417 p1 0.0139 p99 0.8465 <0 0.00% >1 0.00%
2026-01-19 06:05:03 vis pred min -0.0169 max 0.9435 mean 0.1778 p1 0.0772 p99 0.3773 <0 0.03% >1 0.00%
2026-01-19 06:05:03 vis clear min 0.0023 max 1.0000 mean 0.1334 p1 0.0063 p99 0.3738 <0 0.00% >1 0.00%
2026-01-19 06:05:03 vis auto_scale enabled (ref=clear, per_channel=True)
2026-01-19 06:05:09 Saved diffusion visualization to /home/data/KXShen/model/project0103/diffusion_sen12mscr_raw_20260118_200331/vis/diffusion_vis_epoch_040.png
2026-01-19 06:05:12 Epoch 40/100 - checkpoints saved
2026-01-19 06:05:14 Epoch 40/100 - saved diffusion_best.pth (test_loss 0.0360)
2026-01-19 06:18:32 Epoch 41/100 - train_loss 0.0351 lr 1.38e-05
2026-01-19 06:20:01 Epoch 41/100 - test_loss 0.0357 diff 0.0043 recon 0.0181 grad 0.0268
2026-01-19 06:20:05 vis cloudy min 0.0043 max 1.0000 mean 0.2204 p1 0.0187 p99 0.6207 <0 0.00% >1 0.00%
2026-01-19 06:20:05 vis pred min 0.0091 max 0.7620 mean 0.1844 p1 0.0924 p99 0.3702 <0 0.00% >1 0.00%
2026-01-19 06:20:05 vis clear min 0.0080 max 0.7534 mean 0.1462 p1 0.0311 p99 0.3731 <0 0.00% >1 0.00%
2026-01-19 06:20:05 vis auto_scale enabled (ref=clear, per_channel=True)
2026-01-19 06:20:11 Saved diffusion visualization to /home/data/KXShen/model/project0103/diffusion_sen12mscr_raw_20260118_200331/vis/diffusion_vis_epoch_041.png
2026-01-19 06:20:14 Epoch 41/100 - checkpoints saved
2026-01-19 06:20:17 Epoch 41/100 - saved diffusion_best.pth (test_loss 0.0357)
2026-01-19 06:33:36 Epoch 42/100 - train_loss 0.0355 lr 1.35e-05
2026-01-19 06:35:05 Epoch 42/100 - test_loss 0.0351 diff 0.0042 recon 0.0156 grad 0.0307
2026-01-19 06:35:09 vis cloudy min 0.0030 max 1.0000 mean 0.1836 p1 0.0164 p99 0.6394 <0 0.00% >1 0.00%
2026-01-19 06:35:09 vis pred min -0.6520 max 0.7012 mean -0.1293 p1 -0.4159 p99 0.4182 <0 86.16% >1 0.00%
2026-01-19 06:35:09 vis clear min 0.0001 max 0.8798 mean 0.1154 p1 0.0016 p99 0.3324 <0 0.00% >1 0.00%
2026-01-19 06:35:09 vis auto_scale enabled (ref=clear, per_channel=True)
2026-01-19 06:35:09 vis pred out-of-range 86.16% -> use self scale for pred
2026-01-19 06:35:14 Saved diffusion visualization to /home/data/KXShen/model/project0103/diffusion_sen12mscr_raw_20260118_200331/vis/diffusion_vis_epoch_042.png
2026-01-19 06:35:18 Epoch 42/100 - checkpoints saved
2026-01-19 06:35:21 Epoch 42/100 - saved diffusion_best.pth (test_loss 0.0351)
2026-01-19 06:48:39 Epoch 43/100 - train_loss 0.0352 lr 1.32e-05
2026-01-19 06:50:08 Epoch 43/100 - test_loss 0.0344 diff 0.0042 recon 0.0157 grad 0.0291
2026-01-19 06:50:12 vis cloudy min 0.0006 max 1.0000 mean 0.1472 p1 0.0089 p99 0.6211 <0 0.00% >1 0.00%
2026-01-19 06:50:12 vis pred min 0.1231 max 0.8688 mean 0.3812 p1 0.2074 p99 0.6492 <0 0.00% >1 0.00%
2026-01-19 06:50:12 vis clear min 0.0003 max 0.8285 mean 0.1296 p1 0.0358 p99 0.2697 <0 0.00% >1 0.00%
2026-01-19 06:50:12 vis auto_scale enabled (ref=clear, per_channel=True)
2026-01-19 06:50:17 Saved diffusion visualization to /home/data/KXShen/model/project0103/diffusion_sen12mscr_raw_20260118_200331/vis/diffusion_vis_epoch_043.png
2026-01-19 06:50:20 Epoch 43/100 - checkpoints saved
2026-01-19 06:50:23 Epoch 43/100 - saved diffusion_best.pth (test_loss 0.0344)
2026-01-19 07:03:41 Epoch 44/100 - train_loss 0.0330 lr 1.28e-05
2026-01-19 07:05:10 Epoch 44/100 - test_loss 0.0341 diff 0.0042 recon 0.0159 grad 0.0280
2026-01-19 07:05:15 vis cloudy min 0.0040 max 1.0000 mean 0.2741 p1 0.0150 p99 0.9947 <0 0.00% >1 0.00%
2026-01-19 07:05:15 vis pred min -0.0563 max 0.5080 mean 0.1052 p1 0.0156 p99 0.3086 <0 0.15% >1 0.00%
2026-01-19 07:05:15 vis clear min 0.0017 max 1.0000 mean 0.1435 p1 0.0359 p99 0.3691 <0 0.00% >1 0.00%
2026-01-19 07:05:15 vis auto_scale enabled (ref=clear, per_channel=True)
2026-01-19 07:05:20 Saved diffusion visualization to /home/data/KXShen/model/project0103/diffusion_sen12mscr_raw_20260118_200331/vis/diffusion_vis_epoch_044.png
2026-01-19 07:05:23 Epoch 44/100 - checkpoints saved
2026-01-19 07:05:25 Epoch 44/100 - saved diffusion_best.pth (test_loss 0.0341)
2026-01-19 07:18:43 Epoch 45/100 - train_loss 0.0341 lr 1.25e-05
2026-01-19 07:20:12 Epoch 45/100 - test_loss 0.0342 diff 0.0042 recon 0.0159 grad 0.0282
2026-01-19 07:20:16 vis cloudy min 0.0001 max 1.0000 mean 0.2300 p1 0.0008 p99 0.7712 <0 0.00% >1 0.00%
2026-01-19 07:20:16 vis pred min 0.0551 max 1.1206 mean 0.5449 p1 0.3120 p99 0.8309 <0 0.00% >1 0.00%
2026-01-19 07:20:16 vis clear min 0.0001 max 1.0000 mean 0.1274 p1 0.0027 p99 0.3408 <0 0.00% >1 0.00%
2026-01-19 07:20:16 vis auto_scale enabled (ref=clear, per_channel=True)
2026-01-19 07:20:20 Saved diffusion visualization to /home/data/KXShen/model/project0103/diffusion_sen12mscr_raw_20260118_200331/vis/diffusion_vis_epoch_045.png
2026-01-19 07:20:24 Epoch 45/100 - checkpoints saved
2026-01-19 07:33:43 Epoch 46/100 - train_loss 0.0327 lr 1.22e-05
2026-01-19 07:35:12 Epoch 46/100 - test_loss 0.0337 diff 0.0042 recon 0.0160 grad 0.0271
2026-01-19 07:35:16 vis cloudy min 0.0085 max 1.0000 mean 0.2532 p1 0.0337 p99 0.8715 <0 0.00% >1 0.00%
2026-01-19 07:35:16 vis pred min -0.1059 max 0.9138 mean 0.1213 p1 0.0103 p99 0.3808 <0 0.21% >1 0.00%
2026-01-19 07:35:16 vis clear min 0.0067 max 1.0000 mean 0.1451 p1 0.0412 p99 0.3587 <0 0.00% >1 0.00%
2026-01-19 07:35:16 vis auto_scale enabled (ref=clear, per_channel=True)
2026-01-19 07:35:22 Saved diffusion visualization to /home/data/KXShen/model/project0103/diffusion_sen12mscr_raw_20260118_200331/vis/diffusion_vis_epoch_046.png
2026-01-19 07:35:25 Epoch 46/100 - checkpoints saved
2026-01-19 07:35:28 Epoch 46/100 - saved diffusion_best.pth (test_loss 0.0337)
2026-01-19 07:48:45 Epoch 47/100 - train_loss 0.0331 lr 1.19e-05
2026-01-19 07:50:14 Epoch 47/100 - test_loss 0.0334 diff 0.0042 recon 0.0156 grad 0.0272
2026-01-19 07:50:18 vis cloudy min 0.0072 max 1.0000 mean 0.2210 p1 0.0269 p99 0.9161 <0 0.00% >1 0.00%
2026-01-19 07:50:18 vis pred min -0.1048 max 0.5921 mean 0.0830 p1 -0.0077 p99 0.2818 <0 1.95% >1 0.00%
2026-01-19 07:50:18 vis clear min 0.0001 max 1.0000 mean 0.1434 p1 0.0013 p99 0.4466 <0 0.00% >1 0.00%
2026-01-19 07:50:18 vis auto_scale enabled (ref=clear, per_channel=True)
2026-01-19 07:50:24 Saved diffusion visualization to /home/data/KXShen/model/project0103/diffusion_sen12mscr_raw_20260118_200331/vis/diffusion_vis_epoch_047.png
2026-01-19 07:50:27 Epoch 47/100 - checkpoints saved
2026-01-19 07:50:30 Epoch 47/100 - saved diffusion_best.pth (test_loss 0.0334)
2026-01-19 08:03:49 Epoch 48/100 - train_loss 0.0335 lr 1.16e-05
2026-01-19 08:05:18 Epoch 48/100 - test_loss 0.0332 diff 0.0041 recon 0.0152 grad 0.0277
2026-01-19 08:05:22 vis cloudy min 0.0014 max 0.8488 mean 0.1949 p1 0.0057 p99 0.6189 <0 0.00% >1 0.00%
2026-01-19 08:05:22 vis pred min -0.1024 max 0.5177 mean 0.0691 p1 -0.0123 p99 0.2458 <0 3.86% >1 0.00%
2026-01-19 08:05:22 vis clear min 0.0024 max 1.0000 mean 0.1147 p1 0.0060 p99 0.2844 <0 0.00% >1 0.00%
2026-01-19 08:05:22 vis auto_scale enabled (ref=clear, per_channel=True)
2026-01-19 08:05:28 Saved diffusion visualization to /home/data/KXShen/model/project0103/diffusion_sen12mscr_raw_20260118_200331/vis/diffusion_vis_epoch_048.png
2026-01-19 08:05:31 Epoch 48/100 - checkpoints saved
2026-01-19 08:05:33 Epoch 48/100 - saved diffusion_best.pth (test_loss 0.0332)
2026-01-19 08:18:50 Epoch 49/100 - train_loss 0.0315 lr 1.12e-05
2026-01-19 08:20:18 Epoch 49/100 - test_loss 0.0330 diff 0.0041 recon 0.0155 grad 0.0268
2026-01-19 08:20:23 vis cloudy min 0.0053 max 0.9621 mean 0.2353 p1 0.0315 p99 0.6296 <0 0.00% >1 0.00%
2026-01-19 08:20:23 vis pred min -0.1652 max 0.4536 mean 0.0681 p1 -0.0290 p99 0.2555 <0 8.87% >1 0.00%
2026-01-19 08:20:23 vis clear min 0.0009 max 1.0000 mean 0.1510 p1 0.0219 p99 0.3756 <0 0.00% >1 0.00%
2026-01-19 08:20:23 vis auto_scale enabled (ref=clear, per_channel=True)
2026-01-19 08:20:23 vis pred out-of-range 8.87% -> use self scale for pred
2026-01-19 08:20:28 Saved diffusion visualization to /home/data/KXShen/model/project0103/diffusion_sen12mscr_raw_20260118_200331/vis/diffusion_vis_epoch_049.png
2026-01-19 08:20:32 Epoch 49/100 - checkpoints saved
2026-01-19 08:20:35 Epoch 49/100 - saved diffusion_best.pth (test_loss 0.0330)
2026-01-19 08:33:54 Epoch 50/100 - train_loss 0.0318 lr 1.09e-05
2026-01-19 08:35:23 Epoch 50/100 - test_loss 0.0328 diff 0.0041 recon 0.0155 grad 0.0265
2026-01-19 08:35:27 vis cloudy min 0.0001 max 1.0000 mean 0.1817 p1 0.0023 p99 0.6923 <0 0.00% >1 0.00%
2026-01-19 08:35:27 vis pred min -0.1091 max 0.4427 mean 0.0480 p1 -0.0343 p99 0.2152 <0 12.81% >1 0.00%
2026-01-19 08:35:27 vis clear min 0.0001 max 0.8101 mean 0.1086 p1 0.0008 p99 0.3275 <0 0.00% >1 0.00%
2026-01-19 08:35:27 vis auto_scale enabled (ref=clear, per_channel=True)
2026-01-19 08:35:27 vis pred out-of-range 12.81% -> use self scale for pred
2026-01-19 08:35:32 Saved diffusion visualization to /home/data/KXShen/model/project0103/diffusion_sen12mscr_raw_20260118_200331/vis/diffusion_vis_epoch_050.png
2026-01-19 08:35:36 Epoch 50/100 - checkpoints saved
2026-01-19 08:35:38 Epoch 50/100 - saved diffusion_best.pth (test_loss 0.0328)
2026-01-19 08:48:57 Epoch 51/100 - train_loss 0.0320 lr 1.06e-05
2026-01-19 08:50:26 Epoch 51/100 - test_loss 0.0327 diff 0.0041 recon 0.0154 grad 0.0264
2026-01-19 08:50:30 vis cloudy min 0.0099 max 1.0000 mean 0.2114 p1 0.0405 p99 0.8184 <0 0.00% >1 0.00%
2026-01-19 08:50:30 vis pred min -0.1332 max 0.3706 mean 0.0206 p1 -0.0510 p99 0.1570 <0 44.33% >1 0.00%
2026-01-19 08:50:30 vis clear min 0.0061 max 0.5885 mean 0.1373 p1 0.0431 p99 0.3351 <0 0.00% >1 0.00%
2026-01-19 08:50:30 vis auto_scale enabled (ref=clear, per_channel=True)
2026-01-19 08:50:30 vis pred out-of-range 44.33% -> use self scale for pred
2026-01-19 08:50:35 Saved diffusion visualization to /home/data/KXShen/model/project0103/diffusion_sen12mscr_raw_20260118_200331/vis/diffusion_vis_epoch_051.png
2026-01-19 08:50:39 Epoch 51/100 - checkpoints saved
2026-01-19 08:50:41 Epoch 51/100 - saved diffusion_best.pth (test_loss 0.0327)
2026-01-19 09:04:01 Epoch 52/100 - train_loss 0.0310 lr 1.03e-05
2026-01-19 09:05:29 Epoch 52/100 - test_loss 0.0325 diff 0.0041 recon 0.0154 grad 0.0262
2026-01-19 09:05:34 vis cloudy min 0.0033 max 1.0000 mean 0.2549 p1 0.0250 p99 0.8585 <0 0.00% >1 0.00%
2026-01-19 09:05:34 vis pred min -0.1343 max 0.4879 mean 0.0117 p1 -0.0486 p99 0.1334 <0 52.95% >1 0.00%
2026-01-19 09:05:34 vis clear min 0.0017 max 0.9107 mean 0.1362 p1 0.0174 p99 0.4020 <0 0.00% >1 0.00%
2026-01-19 09:05:34 vis auto_scale enabled (ref=clear, per_channel=True)
2026-01-19 09:05:34 vis pred out-of-range 52.95% -> use self scale for pred
2026-01-19 09:05:40 Saved diffusion visualization to /home/data/KXShen/model/project0103/diffusion_sen12mscr_raw_20260118_200331/vis/diffusion_vis_epoch_052.png
2026-01-19 09:05:43 Epoch 52/100 - checkpoints saved
2026-01-19 09:05:45 Epoch 52/100 - saved diffusion_best.pth (test_loss 0.0325)
2026-01-19 09:19:03 Epoch 53/100 - train_loss 0.0309 lr 9.94e-06
2026-01-19 09:20:32 Epoch 53/100 - test_loss 0.0324 diff 0.0041 recon 0.0153 grad 0.0260
2026-01-19 09:20:36 vis cloudy min 0.0001 max 1.0000 mean 0.1948 p1 0.0008 p99 0.6563 <0 0.00% >1 0.00%
2026-01-19 09:20:36 vis pred min -0.1506 max 0.5142 mean 0.0241 p1 -0.0497 p99 0.1691 <0 39.53% >1 0.00%
2026-01-19 09:20:36 vis clear min 0.0001 max 0.6262 mean 0.1336 p1 0.0026 p99 0.3380 <0 0.00% >1 0.00%
2026-01-19 09:20:36 vis auto_scale enabled (ref=clear, per_channel=True)
2026-01-19 09:20:36 vis pred out-of-range 39.53% -> use self scale for pred
2026-01-19 09:20:42 Saved diffusion visualization to /home/data/KXShen/model/project0103/diffusion_sen12mscr_raw_20260118_200331/vis/diffusion_vis_epoch_053.png
2026-01-19 09:20:45 Epoch 53/100 - checkpoints saved
2026-01-19 09:20:47 Epoch 53/100 - saved diffusion_best.pth (test_loss 0.0324)
2026-01-19 09:34:07 Epoch 54/100 - train_loss 0.0309 lr 9.61e-06
2026-01-19 09:35:36 Epoch 54/100 - test_loss 0.0323 diff 0.0041 recon 0.0153 grad 0.0259
2026-01-19 09:35:40 vis cloudy min 0.0001 max 1.0000 mean 0.1994 p1 0.0222 p99 0.6609 <0 0.00% >1 0.00%
2026-01-19 09:35:40 vis pred min -0.1169 max 0.5210 mean 0.0347 p1 -0.0377 p99 0.1798 <0 22.75% >1 0.00%
2026-01-19 09:35:40 vis clear min 0.0048 max 0.8382 mean 0.1443 p1 0.0357 p99 0.3735 <0 0.00% >1 0.00%
2026-01-19 09:35:40 vis auto_scale enabled (ref=clear, per_channel=True)
2026-01-19 09:35:40 vis pred out-of-range 22.75% -> use self scale for pred
2026-01-19 09:35:46 Saved diffusion visualization to /home/data/KXShen/model/project0103/diffusion_sen12mscr_raw_20260118_200331/vis/diffusion_vis_epoch_054.png
2026-01-19 09:35:49 Epoch 54/100 - checkpoints saved
2026-01-19 09:35:52 Epoch 54/100 - saved diffusion_best.pth (test_loss 0.0323)
2026-01-19 09:49:09 Epoch 55/100 - train_loss 0.0304 lr 9.28e-06
2026-01-19 09:50:38 Epoch 55/100 - test_loss 0.0323 diff 0.0040 recon 0.0155 grad 0.0253
2026-01-19 09:50:42 vis cloudy min 0.0033 max 1.0000 mean 0.2392 p1 0.0279 p99 0.7820 <0 0.00% >1 0.00%
2026-01-19 09:50:43 vis pred min -0.1735 max 0.3330 mean 0.0050 p1 -0.0644 p99 0.1256 <0 57.78% >1 0.00%
2026-01-19 09:50:43 vis clear min 0.0016 max 0.6671 mean 0.1498 p1 0.0145 p99 0.4158 <0 0.00% >1 0.00%
2026-01-19 09:50:43 vis auto_scale enabled (ref=clear, per_channel=True)
2026-01-19 09:50:43 vis pred out-of-range 57.78% -> use self scale for pred
2026-01-19 09:50:48 Saved diffusion visualization to /home/data/KXShen/model/project0103/diffusion_sen12mscr_raw_20260118_200331/vis/diffusion_vis_epoch_055.png
2026-01-19 09:50:51 Epoch 55/100 - checkpoints saved
2026-01-19 10:04:10 Epoch 56/100 - train_loss 0.0306 lr 8.96e-06
2026-01-19 10:05:38 Epoch 56/100 - test_loss 0.0321 diff 0.0040 recon 0.0155 grad 0.0252
2026-01-19 10:05:42 vis cloudy min 0.0015 max 1.0000 mean 0.2066 p1 0.0134 p99 0.7249 <0 0.00% >1 0.00%
2026-01-19 10:05:43 vis pred min -0.1510 max 0.3541 mean 0.0099 p1 -0.0620 p99 0.1379 <0 53.78% >1 0.00%
2026-01-19 10:05:43 vis clear min 0.0001 max 0.8170 mean 0.1253 p1 0.0040 p99 0.3666 <0 0.00% >1 0.00%
2026-01-19 10:05:43 vis auto_scale enabled (ref=clear, per_channel=True)
2026-01-19 10:05:43 vis pred out-of-range 53.78% -> use self scale for pred
2026-01-19 10:05:47 Saved diffusion visualization to /home/data/KXShen/model/project0103/diffusion_sen12mscr_raw_20260118_200331/vis/diffusion_vis_epoch_056.png
2026-01-19 10:05:51 Epoch 56/100 - checkpoints saved
2026-01-19 10:05:53 Epoch 56/100 - saved diffusion_best.pth (test_loss 0.0321)
2026-01-19 10:19:11 Epoch 57/100 - train_loss 0.0304 lr 8.63e-06
2026-01-19 10:20:41 Epoch 57/100 - test_loss 0.0323 diff 0.0040 recon 0.0159 grad 0.0247
2026-01-19 10:20:45 vis cloudy min 0.0008 max 1.0000 mean 0.2217 p1 0.0046 p99 0.8090 <0 0.00% >1 0.00%
2026-01-19 10:20:45 vis pred min -0.1560 max 0.3950 mean -0.0037 p1 -0.0701 p99 0.1065 <0 63.78% >1 0.00%
2026-01-19 10:20:45 vis clear min 0.0017 max 0.9168 mean 0.1218 p1 0.0056 p99 0.3472 <0 0.00% >1 0.00%
2026-01-19 10:20:45 vis auto_scale enabled (ref=clear, per_channel=True)
2026-01-19 10:20:45 vis pred out-of-range 63.78% -> use self scale for pred
2026-01-19 10:20:51 Saved diffusion visualization to /home/data/KXShen/model/project0103/diffusion_sen12mscr_raw_20260118_200331/vis/diffusion_vis_epoch_057.png
2026-01-19 10:20:54 Epoch 57/100 - checkpoints saved
2026-01-19 10:34:13 Epoch 58/100 - train_loss 0.0320 lr 8.31e-06
2026-01-19 10:35:42 Epoch 58/100 - test_loss 0.0331 diff 0.0040 recon 0.0172 grad 0.0238
2026-01-19 10:35:46 vis cloudy min 0.0006 max 1.0000 mean 0.2149 p1 0.0103 p99 0.7473 <0 0.00% >1 0.00%
2026-01-19 10:35:46 vis pred min -0.1449 max 0.4116 mean 0.0102 p1 -0.0573 p99 0.1304 <0 49.42% >1 0.00%
2026-01-19 10:35:46 vis clear min 0.0001 max 0.6512 mean 0.1227 p1 0.0014 p99 0.3560 <0 0.00% >1 0.00%
2026-01-19 10:35:46 vis auto_scale enabled (ref=clear, per_channel=True)
2026-01-19 10:35:46 vis pred out-of-range 49.42% -> use self scale for pred
2026-01-19 10:35:52 Saved diffusion visualization to /home/data/KXShen/model/project0103/diffusion_sen12mscr_raw_20260118_200331/vis/diffusion_vis_epoch_058.png
2026-01-19 10:35:55 Epoch 58/100 - checkpoints saved
2026-01-19 10:49:13 Epoch 59/100 - train_loss 0.0300 lr 7.99e-06
2026-01-19 10:50:41 Epoch 59/100 - test_loss 0.0318 diff 0.0040 recon 0.0152 grad 0.0251
2026-01-19 10:50:46 vis cloudy min 0.0006 max 1.0000 mean 0.2528 p1 0.0128 p99 0.8111 <0 0.00% >1 0.00%
2026-01-19 10:50:46 vis pred min -0.1819 max 0.3379 mean -0.0271 p1 -0.1004 p99 0.0788 <0 76.69% >1 0.00%
2026-01-19 10:50:46 vis clear min 0.0001 max 0.6278 mean 0.1474 p1 0.0009 p99 0.4164 <0 0.00% >1 0.00%
2026-01-19 10:50:46 vis auto_scale enabled (ref=clear, per_channel=True)
2026-01-19 10:50:46 vis pred out-of-range 76.69% -> use self scale for pred
2026-01-19 10:50:51 Saved diffusion visualization to /home/data/KXShen/model/project0103/diffusion_sen12mscr_raw_20260118_200331/vis/diffusion_vis_epoch_059.png
2026-01-19 10:50:55 Epoch 59/100 - checkpoints saved
2026-01-19 10:50:57 Epoch 59/100 - saved diffusion_best.pth (test_loss 0.0318)
2026-01-19 11:04:17 Epoch 60/100 - train_loss 0.0295 lr 7.67e-06
2026-01-19 11:05:45 Epoch 60/100 - test_loss 0.0316 diff 0.0040 recon 0.0151 grad 0.0251
2026-01-19 11:05:49 vis cloudy min 0.0001 max 0.9092 mean 0.2068 p1 0.0022 p99 0.6774 <0 0.00% >1 0.00%
2026-01-19 11:05:49 vis pred min -0.1843 max 0.3693 mean -0.0342 p1 -0.1053 p99 0.0631 <0 80.60% >1 0.00%
2026-01-19 11:05:49 vis clear min 0.0001 max 1.0000 mean 0.1261 p1 0.0010 p99 0.3085 <0 0.00% >1 0.00%
2026-01-19 11:05:49 vis auto_scale enabled (ref=clear, per_channel=True)
2026-01-19 11:05:49 vis pred out-of-range 80.60% -> use self scale for pred
2026-01-19 11:05:54 Saved diffusion visualization to /home/data/KXShen/model/project0103/diffusion_sen12mscr_raw_20260118_200331/vis/diffusion_vis_epoch_060.png
2026-01-19 11:05:58 Epoch 60/100 - checkpoints saved
2026-01-19 11:06:00 Epoch 60/100 - saved diffusion_best.pth (test_loss 0.0316)
2026-01-19 11:19:18 Epoch 61/100 - train_loss 0.0302 lr 7.35e-06
2026-01-19 11:20:47 Epoch 61/100 - test_loss 0.0316 diff 0.0040 recon 0.0151 grad 0.0250
2026-01-19 11:20:51 vis cloudy min 0.0045 max 1.0000 mean 0.1626 p1 0.0205 p99 0.7240 <0 0.00% >1 0.00%
2026-01-19 11:20:51 vis pred min -0.1717 max 0.3189 mean -0.0297 p1 -0.0957 p99 0.0630 <0 79.39% >1 0.00%
2026-01-19 11:20:51 vis clear min 0.0005 max 0.6394 mean 0.1150 p1 0.0051 p99 0.2961 <0 0.00% >1 0.00%
2026-01-19 11:20:51 vis auto_scale enabled (ref=clear, per_channel=True)
2026-01-19 11:20:51 vis pred out-of-range 79.39% -> use self scale for pred
2026-01-19 11:20:57 Saved diffusion visualization to /home/data/KXShen/model/project0103/diffusion_sen12mscr_raw_20260118_200331/vis/diffusion_vis_epoch_061.png
2026-01-19 11:21:01 Epoch 61/100 - checkpoints saved
2026-01-19 11:21:03 Epoch 61/100 - saved diffusion_best.pth (test_loss 0.0316)
2026-01-19 11:34:21 Epoch 62/100 - train_loss 0.0306 lr 7.04e-06
2026-01-19 11:35:49 Epoch 62/100 - test_loss 0.0315 diff 0.0040 recon 0.0151 grad 0.0249
2026-01-19 11:35:54 vis cloudy min 0.0020 max 1.0000 mean 0.2674 p1 0.0380 p99 0.8217 <0 0.00% >1 0.00%
2026-01-19 11:35:54 vis pred min -0.2064 max 0.3548 mean -0.0359 p1 -0.1013 p99 0.0621 <0 81.31% >1 0.00%
2026-01-19 11:35:54 vis clear min 0.0002 max 1.0000 mean 0.1556 p1 0.0355 p99 0.4063 <0 0.00% >1 0.00%
2026-01-19 11:35:54 vis auto_scale enabled (ref=clear, per_channel=True)
2026-01-19 11:35:54 vis pred out-of-range 81.31% -> use self scale for pred
2026-01-19 11:35:59 Saved diffusion visualization to /home/data/KXShen/model/project0103/diffusion_sen12mscr_raw_20260118_200331/vis/diffusion_vis_epoch_062.png
2026-01-19 11:36:02 Epoch 62/100 - checkpoints saved
2026-01-19 11:36:04 Epoch 62/100 - saved diffusion_best.pth (test_loss 0.0315)
