2026-01-17 16:33:07 Run timestamp: 20260117_163307
2026-01-17 16:33:07 Output dir: /home/data/KXShen/model/project0103/diffusion_sen12mscr_raw_20260117_163307
2026-01-17 16:33:07 World size: 4, rank: 0
2026-01-17 16:33:07 Config: configs/diffusion.yaml
2026-01-17 16:54:44 Epoch 1/100 - train_loss 2.3566 lr 2.01e-05
2026-01-17 16:56:13 Epoch 1/100 - test_loss 2.3246 diff 1.0010 recon 0.3869 grad 1.8734
2026-01-17 16:57:36 vis cloudy min 0.0018 max 1.0000 mean 0.2753 p1 0.0141 p99 1.0000 <0 0.00% >1 0.00%
2026-01-17 16:57:36 vis pred min -105531.7266 max 104880.1250 mean -1295.7417 p1 -48563.2337 p99 45879.4961 <0 52.55% >1 47.45%
2026-01-17 16:57:36 vis clear min 0.0002 max 1.0000 mean 0.1345 p1 0.0207 p99 0.3186 <0 0.00% >1 0.00%
2026-01-17 16:57:36 vis auto_scale enabled (ref=clear, per_channel=True, percentiles 1.0-99.0)
2026-01-17 16:57:42 Saved diffusion visualization to /home/data/KXShen/model/project0103/diffusion_sen12mscr_raw_20260117_163307/vis/diffusion_vis_epoch_001.png
2026-01-17 16:57:45 Epoch 1/100 - checkpoints saved
2026-01-17 16:57:47 Epoch 1/100 - saved diffusion_best.pth (test_loss 2.3246)
2026-01-17 17:19:15 Epoch 2/100 - train_loss 0.4654 lr 4.01e-05
2026-01-17 17:20:44 Epoch 2/100 - test_loss 0.3858 diff 0.0684 recon 0.1439 grad 0.3469
2026-01-17 17:22:07 vis cloudy min 0.0026 max 1.0000 mean 0.3010 p1 0.0227 p99 1.0000 <0 0.00% >1 0.00%
2026-01-17 17:22:07 vis pred min -49948.1680 max 36706.1211 mean -6799.1016 p1 -14778.7040 p99 918.2317 <0 98.24% >1 1.76%
2026-01-17 17:22:07 vis clear min 0.0001 max 1.0000 mean 0.1393 p1 0.0268 p99 0.3556 <0 0.00% >1 0.00%
2026-01-17 17:22:07 vis auto_scale enabled (ref=clear, per_channel=True, percentiles 1.0-99.0)
2026-01-17 17:22:11 Saved diffusion visualization to /home/data/KXShen/model/project0103/diffusion_sen12mscr_raw_20260117_163307/vis/diffusion_vis_epoch_002.png
2026-01-17 17:22:15 Epoch 2/100 - checkpoints saved
2026-01-17 17:22:17 Epoch 2/100 - saved diffusion_best.pth (test_loss 0.3858)
2026-01-17 17:43:53 Epoch 3/100 - train_loss 0.2112 lr 6.00e-05
2026-01-17 17:45:22 Epoch 3/100 - test_loss 0.1926 diff 0.0213 recon 0.0909 grad 0.1608
2026-01-17 17:46:45 vis cloudy min 0.0103 max 1.0000 mean 0.2627 p1 0.0381 p99 0.9818 <0 0.00% >1 0.00%
2026-01-17 17:46:45 vis pred min -41785.2148 max 28557.2500 mean -3840.2659 p1 -7598.4466 p99 -1310.5867 <0 99.78% >1 0.22%
2026-01-17 17:46:45 vis clear min 0.0079 max 1.0000 mean 0.1543 p1 0.0509 p99 0.3453 <0 0.00% >1 0.00%
2026-01-17 17:46:45 vis auto_scale enabled (ref=clear, per_channel=True, percentiles 1.0-99.0)
2026-01-17 17:46:50 Saved diffusion visualization to /home/data/KXShen/model/project0103/diffusion_sen12mscr_raw_20260117_163307/vis/diffusion_vis_epoch_003.png
2026-01-17 17:46:53 Epoch 3/100 - checkpoints saved
2026-01-17 17:46:55 Epoch 3/100 - saved diffusion_best.pth (test_loss 0.1926)
2026-01-17 18:08:23 Epoch 4/100 - train_loss 0.1424 lr 8.00e-05
2026-01-17 18:09:52 Epoch 4/100 - test_loss 0.1312 diff 0.0127 recon 0.0565 grad 0.1240
2026-01-17 18:11:15 vis cloudy min 0.0001 max 1.0000 mean 0.2073 p1 0.0012 p99 0.7177 <0 0.00% >1 0.00%
2026-01-17 18:11:15 vis pred min -33420.4453 max 25733.4824 mean -3168.4285 p1 -6639.9782 p99 -1809.0072 <0 99.89% >1 0.11%
2026-01-17 18:11:15 vis clear min 0.0002 max 0.6662 mean 0.1212 p1 0.0032 p99 0.3250 <0 0.00% >1 0.00%
2026-01-17 18:11:15 vis auto_scale enabled (ref=clear, per_channel=True, percentiles 1.0-99.0)
2026-01-17 18:11:19 Saved diffusion visualization to /home/data/KXShen/model/project0103/diffusion_sen12mscr_raw_20260117_163307/vis/diffusion_vis_epoch_004.png
2026-01-17 18:11:23 Epoch 4/100 - checkpoints saved
2026-01-17 18:11:25 Epoch 4/100 - saved diffusion_best.pth (test_loss 0.1312)
