2026-01-18 16:54:13 Run timestamp: 20260118_165413
2026-01-18 16:54:13 Output dir: /home/data/KXShen/model/project0103/diffusion_sen12mscr_raw_20260118_165413
2026-01-18 16:54:13 World size: 4, rank: 0
2026-01-18 16:54:13 Config: configs/diffusion.yaml
2026-01-18 17:09:30 Epoch 1/100 - train_loss 2.4412 lr 4.02e-06
2026-01-18 17:10:59 Epoch 1/100 - test_loss 2.4247 diff 1.0754 recon 0.3957 grad 1.9072
2026-01-18 17:12:21 vis cloudy min 0.0018 max 1.0000 mean 0.2753 p1 0.0141 p99 1.0000 <0 0.00% >1 0.00%
2026-01-18 17:12:21 vis pred min -1.0000 max 2.0000 mean 0.7736 p1 -0.9870 p99 1.9926 <0 22.81% >1 45.28%
2026-01-18 17:12:21 vis clear min 0.0002 max 1.0000 mean 0.1345 p1 0.0207 p99 0.3186 <0 0.00% >1 0.00%
2026-01-18 17:12:21 vis auto_scale enabled (ref=clear, per_channel=True, percentiles 1.0-99.0)
2026-01-18 17:12:21 vis pred out-of-range 68.09% -> use self scale for pred (threshold 5.00%)
2026-01-18 17:12:27 Saved diffusion visualization to /home/data/KXShen/model/project0103/diffusion_sen12mscr_raw_20260118_165413/vis/diffusion_vis_epoch_001.png
2026-01-18 17:12:29 Epoch 1/100 - checkpoints saved
2026-01-18 17:12:31 Epoch 1/100 - saved diffusion_best.pth (test_loss 2.4247)
2026-01-18 17:28:04 Epoch 2/100 - train_loss 0.8962 lr 8.01e-06
2026-01-18 17:29:33 Epoch 2/100 - test_loss 0.6795 diff 0.1528 recon 0.2001 grad 0.6532
2026-01-18 17:30:56 vis cloudy min 0.0026 max 1.0000 mean 0.3010 p1 0.0227 p99 1.0000 <0 0.00% >1 0.00%
2026-01-18 17:30:56 vis pred min -1.0000 max 2.0000 mean 1.3493 p1 0.1495 p99 1.9997 <0 0.49% >1 79.18%
2026-01-18 17:30:56 vis clear min 0.0001 max 1.0000 mean 0.1393 p1 0.0268 p99 0.3556 <0 0.00% >1 0.00%
2026-01-18 17:30:56 vis auto_scale enabled (ref=clear, per_channel=True, percentiles 1.0-99.0)
2026-01-18 17:30:56 vis pred out-of-range 79.67% -> use self scale for pred (threshold 5.00%)
2026-01-18 17:31:01 Saved diffusion visualization to /home/data/KXShen/model/project0103/diffusion_sen12mscr_raw_20260118_165413/vis/diffusion_vis_epoch_002.png
2026-01-18 17:31:04 Epoch 2/100 - checkpoints saved
2026-01-18 17:31:07 Epoch 2/100 - saved diffusion_best.pth (test_loss 0.6795)
2026-01-18 17:46:25 Epoch 3/100 - train_loss 0.3684 lr 1.20e-05
2026-01-18 17:47:54 Epoch 3/100 - test_loss 0.3482 diff 0.0596 recon 0.1413 grad 0.2946
2026-01-18 17:49:17 vis cloudy min 0.0103 max 1.0000 mean 0.2627 p1 0.0381 p99 0.9818 <0 0.00% >1 0.00%
2026-01-18 17:49:17 vis pred min -1.0000 max 2.0000 mean 1.4376 p1 0.6361 p99 2.0000 <0 0.05% >1 91.42%
2026-01-18 17:49:17 vis clear min 0.0079 max 1.0000 mean 0.1543 p1 0.0509 p99 0.3453 <0 0.00% >1 0.00%
2026-01-18 17:49:17 vis auto_scale enabled (ref=clear, per_channel=True, percentiles 1.0-99.0)
2026-01-18 17:49:17 vis pred out-of-range 91.47% -> use self scale for pred (threshold 5.00%)
2026-01-18 17:49:22 Saved diffusion visualization to /home/data/KXShen/model/project0103/diffusion_sen12mscr_raw_20260118_165413/vis/diffusion_vis_epoch_003.png
2026-01-18 17:49:25 Epoch 3/100 - checkpoints saved
2026-01-18 17:49:27 Epoch 3/100 - saved diffusion_best.pth (test_loss 0.3482)
2026-01-18 18:05:00 Epoch 4/100 - train_loss 0.2470 lr 1.60e-05
2026-01-18 18:06:29 Epoch 4/100 - test_loss 0.2344 diff 0.0316 recon 0.1091 grad 0.1875
2026-01-18 18:07:51 vis cloudy min 0.0001 max 1.0000 mean 0.2073 p1 0.0012 p99 0.7177 <0 0.00% >1 0.00%
2026-01-18 18:07:52 vis pred min -0.6448 max 2.0000 mean 1.3552 p1 0.9053 p99 1.7699 <0 0.00% >1 97.00%
2026-01-18 18:07:52 vis clear min 0.0002 max 0.6662 mean 0.1212 p1 0.0032 p99 0.3250 <0 0.00% >1 0.00%
2026-01-18 18:07:52 vis auto_scale enabled (ref=clear, per_channel=True, percentiles 1.0-99.0)
2026-01-18 18:07:52 vis pred out-of-range 97.00% -> use self scale for pred (threshold 5.00%)
2026-01-18 18:07:56 Saved diffusion visualization to /home/data/KXShen/model/project0103/diffusion_sen12mscr_raw_20260118_165413/vis/diffusion_vis_epoch_004.png
2026-01-18 18:08:00 Epoch 4/100 - checkpoints saved
2026-01-18 18:08:02 Epoch 4/100 - saved diffusion_best.pth (test_loss 0.2344)
2026-01-18 18:23:20 Epoch 5/100 - train_loss 0.1830 lr 2.00e-05
2026-01-18 18:24:49 Epoch 5/100 - test_loss 0.1714 diff 0.0190 recon 0.0859 grad 0.1331
2026-01-18 18:26:12 vis cloudy min 0.0026 max 1.0000 mean 0.1983 p1 0.0073 p99 0.7115 <0 0.00% >1 0.00%
2026-01-18 18:26:12 vis pred min -0.8387 max 2.0000 mean 1.2283 p1 0.9025 p99 1.5401 <0 0.00% >1 95.25%
2026-01-18 18:26:12 vis clear min 0.0044 max 0.7565 mean 0.1349 p1 0.0075 p99 0.3373 <0 0.00% >1 0.00%
2026-01-18 18:26:12 vis auto_scale enabled (ref=clear, per_channel=True, percentiles 1.0-99.0)
2026-01-18 18:26:12 vis pred out-of-range 95.25% -> use self scale for pred (threshold 5.00%)
2026-01-18 18:26:18 Saved diffusion visualization to /home/data/KXShen/model/project0103/diffusion_sen12mscr_raw_20260118_165413/vis/diffusion_vis_epoch_005.png
2026-01-18 18:26:22 Epoch 5/100 - checkpoints saved
2026-01-18 18:26:24 Epoch 5/100 - saved diffusion_best.pth (test_loss 0.1714)
2026-01-18 18:41:56 Epoch 6/100 - train_loss 0.1434 lr 2.00e-05
2026-01-18 18:43:25 Epoch 6/100 - test_loss 0.1347 diff 0.0136 recon 0.0659 grad 0.1105
2026-01-18 18:44:48 vis cloudy min 0.0001 max 1.0000 mean 0.1875 p1 0.0042 p99 0.6563 <0 0.00% >1 0.00%
2026-01-18 18:44:48 vis pred min -1.0000 max 2.0000 mean 1.2769 p1 0.9753 p99 1.5399 <0 0.01% >1 98.46%
2026-01-18 18:44:48 vis clear min 0.0001 max 0.5302 mean 0.1308 p1 0.0064 p99 0.2961 <0 0.00% >1 0.00%
2026-01-18 18:44:48 vis auto_scale enabled (ref=clear, per_channel=True, percentiles 1.0-99.0)
2026-01-18 18:44:48 vis pred out-of-range 98.47% -> use self scale for pred (threshold 5.00%)
2026-01-18 18:44:53 Saved diffusion visualization to /home/data/KXShen/model/project0103/diffusion_sen12mscr_raw_20260118_165413/vis/diffusion_vis_epoch_006.png
2026-01-18 18:44:57 Epoch 6/100 - checkpoints saved
2026-01-18 18:44:59 Epoch 6/100 - saved diffusion_best.pth (test_loss 0.1347)
2026-01-18 19:00:17 Epoch 7/100 - train_loss 0.1147 lr 2.00e-05
2026-01-18 19:01:46 Epoch 7/100 - test_loss 0.1094 diff 0.0115 recon 0.0527 grad 0.0903
2026-01-18 19:03:09 vis cloudy min 0.0029 max 1.0000 mean 0.2361 p1 0.0419 p99 0.6542 <0 0.00% >1 0.00%
2026-01-18 19:03:09 vis pred min -1.0000 max 2.0000 mean 1.3204 p1 1.0603 p99 1.5431 <0 0.01% >1 99.52%
2026-01-18 19:03:09 vis clear min 0.0030 max 0.6906 mean 0.1339 p1 0.0334 p99 0.3144 <0 0.00% >1 0.00%
2026-01-18 19:03:09 vis auto_scale enabled (ref=clear, per_channel=True, percentiles 1.0-99.0)
2026-01-18 19:03:09 vis pred out-of-range 99.53% -> use self scale for pred (threshold 5.00%)
2026-01-18 19:03:14 Saved diffusion visualization to /home/data/KXShen/model/project0103/diffusion_sen12mscr_raw_20260118_165413/vis/diffusion_vis_epoch_007.png
2026-01-18 19:03:17 Epoch 7/100 - checkpoints saved
2026-01-18 19:03:20 Epoch 7/100 - saved diffusion_best.pth (test_loss 0.1094)
2026-01-18 19:18:54 Epoch 8/100 - train_loss 0.0995 lr 2.00e-05
2026-01-18 19:20:23 Epoch 8/100 - test_loss 0.0960 diff 0.0101 recon 0.0464 grad 0.0790
2026-01-18 19:21:46 vis cloudy min 0.0024 max 1.0000 mean 0.2015 p1 0.0248 p99 0.6298 <0 0.00% >1 0.00%
2026-01-18 19:21:46 vis pred min -0.9888 max 2.0000 mean 1.2989 p1 1.0685 p99 1.4981 <0 0.00% >1 99.58%
2026-01-18 19:21:46 vis clear min 0.0021 max 0.8996 mean 0.1353 p1 0.0347 p99 0.3246 <0 0.00% >1 0.00%
2026-01-18 19:21:46 vis auto_scale enabled (ref=clear, per_channel=True, percentiles 1.0-99.0)
2026-01-18 19:21:46 vis pred out-of-range 99.58% -> use self scale for pred (threshold 5.00%)
2026-01-18 19:21:51 Saved diffusion visualization to /home/data/KXShen/model/project0103/diffusion_sen12mscr_raw_20260118_165413/vis/diffusion_vis_epoch_008.png
2026-01-18 19:21:54 Epoch 8/100 - checkpoints saved
2026-01-18 19:21:57 Epoch 8/100 - saved diffusion_best.pth (test_loss 0.0960)
